Archive member included to satisfy reference by file (symbol)

/usr/lib/gcc/x86_64-linux-gnu/11/../../../x86_64-linux-gnu/libc.a(libc-start.o)
                              /usr/lib/gcc/x86_64-linux-gnu/11/../../../x86_64-linux-gnu/crt1.o (__libc_start_main)
/usr/lib/gcc/x86_64-linux-gnu/11/../../../x86_64-linux-gnu/libc.a(check_fds.o)
                              /usr/lib/gcc/x86_64-linux-gnu/11/../../../x86_64-linux-gnu/libc.a(libc-start.o) (__libc_check_standard_fds)
/usr/lib/gcc/x86_64-linux-gnu/11/../../../x86_64-linux-gnu/libc.a(libc-tls.o)
                              /usr/lib/gcc/x86_64-linux-gnu/11/../../../x86_64-linux-gnu/libc.a(libc-start.o) (__libc_setup_tls)
/usr/lib/gcc/x86_64-linux-gnu/11/../../../x86_64-linux-gnu/libc.a(errno.o)
                              /usr/lib/gcc/x86_64-linux-gnu/11/../../../x86_64-linux-gnu/libc.a(check_fds.o) (__libc_errno)
/usr/lib/gcc/x86_64-linux-gnu/11/../../../x86_64-linux-gnu/libc.a(assert.o)
                              /usr/lib/gcc/x86_64-linux-gnu/11/../../../x86_64-linux-gnu/libc.a(libc-start.o) (__assert_fail)
/usr/lib/gcc/x86_64-linux-gnu/11/../../../x86_64-linux-gnu/libc.a(dcgettext.o)
                              /usr/lib/gcc/x86_64-linux-gnu/11/../../../x86_64-linux-gnu/libc.a(assert.o) (__dcgettext)
/usr/lib/gcc/x86_64-linux-gnu/11/../../../x86_64-linux-gnu/libc.a(dcigettext.o)
                              /usr/lib/gcc/x86_64-linux-gnu/11/../../../x86_64-linux-gnu/libc.a(dcgettext.o) (__dcigettext)
/usr/lib/gcc/x86_64-linux-gnu/11/../../../x86_64-linux-gnu/libc.a(finddomain.o)
                              /usr/lib/gcc/x86_64-linux-gnu/11/../../../x86_64-linux-gnu/libc.a(dcigettext.o) (_nl_find_domain)
/usr/lib/gcc/x86_64-linux-gnu/11/../../../x86_64-linux-gnu/libc.a(loadmsgcat.o)
                              /usr/lib/gcc/x86_64-linux-gnu/11/../../../x86_64-linux-gnu/libc.a(dcigettext.o) (_nl_load_domain)
/usr/lib/gcc/x86_64-linux-gnu/11/../../../x86_64-linux-gnu/libc.a(localealias.o)
                              /usr/lib/gcc/x86_64-linux-gnu/11/../../../x86_64-linux-gnu/libc.a(finddomain.o) (_nl_expand_alias)
/usr/lib/gcc/x86_64-linux-gnu/11/../../../x86_64-linux-gnu/libc.a(l10nflist.o)
                              /usr/lib/gcc/x86_64-linux-gnu/11/../../../x86_64-linux-gnu/libc.a(finddomain.o) (_nl_make_l10nflist)
/usr/lib/gcc/x86_64-linux-gnu/11/../../../x86_64-linux-gnu/libc.a(explodename.o)
                              /usr/lib/gcc/x86_64-linux-gnu/11/../../../x86_64-linux-gnu/libc.a(finddomain.o) (_nl_explode_name)
/usr/lib/gcc/x86_64-linux-gnu/11/../../../x86_64-linux-gnu/libc.a(plural.o)
                              /usr/lib/gcc/x86_64-linux-gnu/11/../../../x86_64-linux-gnu/libc.a(loadmsgcat.o) (__gettext_free_exp)
/usr/lib/gcc/x86_64-linux-gnu/11/../../../x86_64-linux-gnu/libc.a(plural-exp.o)
                              /usr/lib/gcc/x86_64-linux-gnu/11/../../../x86_64-linux-gnu/libc.a(loadmsgcat.o) (__gettext_extract_plural)
/usr/lib/gcc/x86_64-linux-gnu/11/../../../x86_64-linux-gnu/libc.a(hash-string.o)
                              /usr/lib/gcc/x86_64-linux-gnu/11/../../../x86_64-linux-gnu/libc.a(dcigettext.o) (__hash_string)
/usr/lib/gcc/x86_64-linux-gnu/11/../../../x86_64-linux-gnu/libc.a(bsd-_setjmp.o)
                              /usr/lib/gcc/x86_64-linux-gnu/11/../../../x86_64-linux-gnu/libc.a(libc-start.o) (_setjmp)
/usr/lib/gcc/x86_64-linux-gnu/11/../../../x86_64-linux-gnu/libc.a(raise.o)
                              /usr/lib/gcc/x86_64-linux-gnu/11/../../../x86_64-linux-gnu/libc.a(dcigettext.o) (raise)
/usr/lib/gcc/x86_64-linux-gnu/11/../../../x86_64-linux-gnu/libc.a(abort.o)
                              /usr/lib/gcc/x86_64-linux-gnu/11/../../../x86_64-linux-gnu/libc.a(assert.o) (abort)
/usr/lib/gcc/x86_64-linux-gnu/11/../../../x86_64-linux-gnu/libc.a(msort.o)
                              /usr/lib/gcc/x86_64-linux-gnu/11/../../../x86_64-linux-gnu/libc.a(localealias.o) (qsort)
/usr/lib/gcc/x86_64-linux-gnu/11/../../../x86_64-linux-gnu/libc.a(getenv.o)
                              /usr/lib/gcc/x86_64-linux-gnu/11/../../../x86_64-linux-gnu/libc.a(dcigettext.o) (getenv)
/usr/lib/gcc/x86_64-linux-gnu/11/../../../x86_64-linux-gnu/libc.a(exit.o)
                              /usr/lib/gcc/x86_64-linux-gnu/11/../../../x86_64-linux-gnu/libc.a(libc-start.o) (exit)
/usr/lib/gcc/x86_64-linux-gnu/11/../../../x86_64-linux-gnu/libc.a(cxa_atexit.o)
                              /usr/lib/gcc/x86_64-linux-gnu/11/../../../x86_64-linux-gnu/libc.a(exit.o) (__exit_funcs_lock)
/usr/lib/gcc/x86_64-linux-gnu/11/../../../x86_64-linux-gnu/libc.a(strtoul.o)
                              /usr/lib/gcc/x86_64-linux-gnu/11/../../../x86_64-linux-gnu/libc.a(plural-exp.o) (strtoul)
/usr/lib/gcc/x86_64-linux-gnu/11/../../../x86_64-linux-gnu/libc.a(strtoul_l.o)
                              /usr/lib/gcc/x86_64-linux-gnu/11/../../../x86_64-linux-gnu/libc.a(strtoul.o) (____strtoul_l_internal)
[...]
Memory Configuration

Name             Origin             Length             Attributes
*default*        0x0000000000000000 0xffffffffffffffff

Linker script and memory map

LOAD /usr/lib/gcc/x86_64-linux-gnu/11/../../../x86_64-linux-gnu/crt1.o
LOAD /usr/lib/gcc/x86_64-linux-gnu/11/../../../x86_64-linux-gnu/crti.o
LOAD /usr/lib/gcc/x86_64-linux-gnu/11/crtbeginT.o
LOAD ropex.o
LOAD gadget.o
START GROUP
LOAD /usr/lib/gcc/x86_64-linux-gnu/11/libgcc.a
LOAD /usr/lib/gcc/x86_64-linux-gnu/11/libgcc_eh.a
LOAD /usr/lib/gcc/x86_64-linux-gnu/11/../../../x86_64-linux-gnu/libc.a
END GROUP
LOAD /usr/lib/gcc/x86_64-linux-gnu/11/crtend.o
LOAD /usr/lib/gcc/x86_64-linux-gnu/11/../../../x86_64-linux-gnu/crtn.o
                [!provide]                        PROVIDE (__executable_start = SEGMENT_START ("text-segment", 0x400000))
                0x0000000000400270                . = (SEGMENT_START ("text-segment", 0x400000) + SIZEOF_HEADERS)

.interp
 *(.interp)

.note.gnu.property
                0x0000000000400270       0x20
 .note.gnu.property
                0x0000000000400270       0x20 /usr/lib/gcc/x86_64-linux-gnu/11/../../../x86_64-linux-gnu/crt1.o

.note.gnu.build-id
                0x0000000000400290       0x24
 *(.note.gnu.build-id)
 .note.gnu.build-id
                0x0000000000400290       0x24 /usr/lib/gcc/x86_64-linux-gnu/11/../../../x86_64-linux-gnu/crt1.o

.note.ABI-tag   0x00000000004002b4       0x20
 .note.ABI-tag  0x00000000004002b4       0x20 /usr/lib/gcc/x86_64-linux-gnu/11/../../../x86_64-linux-gnu/crt1.o

.hash
 *(.hash)

.gnu.hash
 *(.gnu.hash)

.dynsym
 *(.dynsym)

.dynstr
 *(.dynstr)

.gnu.version
 *(.gnu.version)

.gnu.version_d
 *(.gnu.version_d)

.gnu.version_r
 *(.gnu.version_r)

.rela.dyn       0x00000000004002d8        0x0
 *(.rela.init)
 *(.rela.text .rela.text.* .rela.gnu.linkonce.t.*)
 .rela.text     0x00000000004002d8        0x0 /usr/lib/gcc/x86_64-linux-gnu/11/../../../x86_64-linux-gnu/crt1.o
 *(.rela.fini)
 *(.rela.rodata .rela.rodata.* .rela.gnu.linkonce.r.*)
 *(.rela.data .rela.data.* .rela.gnu.linkonce.d.*)
 .rela.data.rel.ro
                0x00000000004002d8        0x0 /usr/lib/gcc/x86_64-linux-gnu/11/../../../x86_64-linux-gnu/crt1.o
 *(.rela.tdata .rela.tdata.* .rela.gnu.linkonce.td.*)
 *(.rela.tbss .rela.tbss.* .rela.gnu.linkonce.tb.*)
 *(.rela.ctors)
 *(.rela.dtors)
 *(.rela.got)
 .rela.got      0x00000000004002d8        0x0 /usr/lib/gcc/x86_64-linux-gnu/11/../../../x86_64-linux-gnu/crt1.o
 *(.rela.bss .rela.bss.* .rela.gnu.linkonce.b.*)
 *(.rela.ldata .rela.ldata.* .rela.gnu.linkonce.l.*)
 *(.rela.lbss .rela.lbss.* .rela.gnu.linkonce.lb.*)
 *(.rela.lrodata .rela.lrodata.* .rela.gnu.linkonce.lr.*)
 *(.rela.ifunc)
 .rela.eh_frame
                0x00000000004002d8        0x0 /usr/lib/gcc/x86_64-linux-gnu/11/../../../x86_64-linux-gnu/crt1.o
 .rela__libc_IO_vtables
                0x00000000004002d8        0x0 /usr/lib/gcc/x86_64-linux-gnu/11/../../../x86_64-linux-gnu/crt1.o

.rela.plt       0x00000000004002d8      0x240
 *(.rela.plt)
                0x00000000004002d8                PROVIDE (__rela_iplt_start = .)
 *(.rela.iplt)
 .rela.iplt     0x00000000004002d8      0x240 /usr/lib/gcc/x86_64-linux-gnu/11/../../../x86_64-linux-gnu/crt1.o
                0x0000000000400518                PROVIDE (__rela_iplt_end = .)

.relr.dyn
 *(.relr.dyn)
                0x0000000000401000                . = ALIGN (CONSTANT (MAXPAGESIZE))

.init           0x0000000000401000       0x1b
 *(SORT_NONE(.init))
 .init          0x0000000000401000       0x16 /usr/lib/gcc/x86_64-linux-gnu/11/../../../x86_64-linux-gnu/crti.o
                0x0000000000401000                _init
 .init          0x0000000000401016        0x5 /usr/lib/gcc/x86_64-linux-gnu/11/../../../x86_64-linux-gnu/crtn.o

.plt            0x0000000000401020       0xc0
 *(.plt)
 *(.iplt)
 *fill*         0x0000000000401020        0x0 
 .iplt          0x0000000000401020       0xc0 /usr/lib/gcc/x86_64-linux-gnu/11/../../../x86_64-linux-gnu/crt1.o

.plt.got
 *(.plt.got)

.plt.sec
 *(.plt.sec)

.text           0x0000000000401100    0x95198
 *(.text.unlikely .text.*_unlikely .text.unlikely.*)
 .text.unlikely
                0x0000000000401100        0xf /usr/lib/gcc/x86_64-linux-gnu/11/../../../x86_64-linux-gnu/libc.a(assert.o)
 .text.unlikely
                0x000000000040110f        0x5 /usr/lib/gcc/x86_64-linux-gnu/11/../../../x86_64-linux-gnu/libc.a(loadmsgcat.o)
 .text.unlikely
                0x0000000000401114      0x199 /usr/lib/gcc/x86_64-linux-gnu/11/../../../x86_64-linux-gnu/libc.a(abort.o)
                0x0000000000401114                abort
 .text.unlikely
                0x00000000004012ad       0x37 /usr/lib/gcc/x86_64-linux-gnu/11/../../../x86_64-linux-gnu/libc.a(iofclose.o)
 .text.unlikely
                0x00000000004012e4       0x36 /usr/lib/gcc/x86_64-linux-gnu/11/../../../x86_64-linux-gnu/libc.a(iofflush.o)
 .text.unlikely
                0x000000000040131a       0x37 /usr/lib/gcc/x86_64-linux-gnu/11/../../../x86_64-linux-gnu/libc.a(ioputs.o)
 .text.unlikely
                0x0000000000401351       0x37 /usr/lib/gcc/x86_64-linux-gnu/11/../../../x86_64-linux-gnu/libc.a(wfileops.o)
 .text.unlikely
                0x0000000000401388       0x37 /usr/lib/gcc/x86_64-linux-gnu/11/../../../x86_64-linux-gnu/libc.a(getc.o)
 .text.unlikely
                0x00000000004013bf       0x39 /usr/lib/gcc/x86_64-linux-gnu/11/../../../x86_64-linux-gnu/libc.a(fileops.o)
 .text.unlikely
                0x00000000004013f8        0xa /usr/lib/gcc/x86_64-linux-gnu/11/../../../x86_64-linux-gnu/libc.a(sysconf.o)
 .text.unlikely
                0x0000000000401402        0xc /usr/lib/gcc/x86_64-linux-gnu/11/../../../x86_64-linux-gnu/libc.a(init-first.o)
                0x0000000000401402                _dl_start
 .text.unlikely
                0x000000000040140e        0x5 /usr/lib/gcc/x86_64-linux-gnu/11/../../../x86_64-linux-gnu/libc.a(printf_fp.o)
 .text.unlikely
                0x0000000000401413        0x5 /usr/lib/gcc/x86_64-linux-gnu/11/../../../x86_64-linux-gnu/libc.a(printf_fphex.o)
 .text.unlikely
                0x0000000000401418       0x36 /usr/lib/gcc/x86_64-linux-gnu/11/../../../x86_64-linux-gnu/libc.a(iofputs.o)
 .text.unlikely
                0x000000000040144e       0x36 /usr/lib/gcc/x86_64-linux-gnu/11/../../../x86_64-linux-gnu/libc.a(iofwrite.o)
 .text.unlikely
                0x0000000000401484       0x36 /usr/lib/gcc/x86_64-linux-gnu/11/../../../x86_64-linux-gnu/libc.a(iogetdelim.o)
 .text.unlikely
                0x00000000004014ba       0x29 /usr/lib/gcc/x86_64-linux-gnu/11/../../../x86_64-linux-gnu/libc.a(pthread_once.o)
 .text.unlikely
                0x00000000004014e3       0x34 /usr/lib/gcc/x86_64-linux-gnu/11/../../../x86_64-linux-gnu/libc.a(dl-load.o)
 .text.unlikely
                0x0000000000401517        0x5 /usr/lib/gcc/x86_64-linux-gnu/11/../../../x86_64-linux-gnu/libc.a(nptl-stack.o)
 .text.unlikely
                0x000000000040151c       0x57 /usr/lib/gcc/x86_64-linux-gnu/11/libgcc_eh.a(unwind-dw2.o)
 .text.unlikely
                0x0000000000401573       0x33 /usr/lib/gcc/x86_64-linux-gnu/11/libgcc_eh.a(unwind-dw2-fde-dip.o)
 .text.unlikely
                0x00000000004015a6       0x11 /usr/lib/gcc/x86_64-linux-gnu/11/libgcc_eh.a(unwind-c.o)
 .text.unlikely
                0x00000000004015b7       0x10 /usr/lib/gcc/x86_64-linux-gnu/11/../../../x86_64-linux-gnu/libc.a(dl-iteratephdr.o)
 *(.text.exit .text.exit.*)
 *(.text.startup .text.startup.*)
 *(.text.hot .text.hot.*)
 *(SORT_BY_NAME(.text.sorted.*))
 *(.text .stub .text.* .gnu.linkonce.t.*)
 *fill*         0x00000000004015c7        0x9 
 .text          0x00000000004015d0       0x35 /usr/lib/gcc/x86_64-linux-gnu/11/../../../x86_64-linux-gnu/crt1.o
                0x00000000004015d0                _start
                0x0000000000401600                _dl_relocate_static_pie
 .text          0x0000000000401605        0x0 /usr/lib/gcc/x86_64-linux-gnu/11/../../../x86_64-linux-gnu/crti.o
 *fill*         0x0000000000401605        0xb 
 .text          0x0000000000401610       0xe5 /usr/lib/gcc/x86_64-linux-gnu/11/crtbeginT.o
 .text          0x00000000004016f5       0x9e ropex.o
                0x00000000004016f5                readline
                0x000000000040172b                echo
                0x0000000000401744                main
 .text          0x0000000000401793        0xf gadget.o
                0x0000000000401793                gadget
 *fill*         0x00000000004017a2        0xe 
 .text          0x00000000004017b0     0x26cf /usr/lib/gcc/x86_64-linux-gnu/11/../../../x86_64-linux-gnu/libc.a(libc-start.o)
                0x0000000000402a50                __libc_start_main_impl
                0x0000000000402a50                __libc_start_main
 *fill*         0x0000000000403e7f        0x1 
 .text          0x0000000000403e80      0x19f /usr/lib/gcc/x86_64-linux-gnu/11/../../../x86_64-linux-gnu/libc.a(check_fds.o)
                0x0000000000403e80                __libc_check_standard_fds
 *fill*         0x000000000040401f        0x1 
 .text          0x0000000000404020      0x2ca /usr/lib/gcc/x86_64-linux-gnu/11/../../../x86_64-linux-gnu/libc.a(libc-tls.o)
                0x0000000000404020                __libc_setup_tls
 .text          0x00000000004042ea        0x0 /usr/lib/gcc/x86_64-linux-gnu/11/../../../x86_64-linux-gnu/libc.a(errno.o)
 *fill*         0x00000000004042ea        0x6 
 .text          0x00000000004042f0      0x196 /usr/lib/gcc/x86_64-linux-gnu/11/../../../x86_64-linux-gnu/libc.a(assert.o)
                0x00000000004042f0                __assert_fail_base
                0x0000000000404440                __assert_fail
 *fill*         0x0000000000404486        0xa 
 .text          0x0000000000404490       0x13 /usr/lib/gcc/x86_64-linux-gnu/11/../../../x86_64-linux-gnu/libc.a(dcgettext.o)
                0x0000000000404490                __dcgettext
                0x0000000000404490                dcgettext
 *fill*         0x00000000004044a3        0xd 
 .text          0x00000000004044b0     0x14df /usr/lib/gcc/x86_64-linux-gnu/11/../../../x86_64-linux-gnu/libc.a(dcigettext.o)
                0x0000000000404720                _nl_find_msg
                0x00000000004050b0                __dcigettext
 *fill*         0x000000000040598f        0x1 
 .text          0x0000000000405990      0x277 /usr/lib/gcc/x86_64-linux-gnu/11/../../../x86_64-linux-gnu/libc.a(finddomain.o)
                0x0000000000405990                _nl_find_domain
 *fill*         0x0000000000405c07        0x9 
 .text          0x0000000000405c10     0x14b5 /usr/lib/gcc/x86_64-linux-gnu/11/../../../x86_64-linux-gnu/libc.a(loadmsgcat.o)
                0x0000000000405c10                _nl_load_domain
 *fill*         0x00000000004070c5        0xb 
 .text          0x00000000004070d0      0x6c1 /usr/lib/gcc/x86_64-linux-gnu/11/../../../x86_64-linux-gnu/libc.a(localealias.o)
                0x00000000004075f0                _nl_expand_alias
 *fill*         0x0000000000407791        0xf 
 .text          0x00000000004077a0      0x6f2 /usr/lib/gcc/x86_64-linux-gnu/11/../../../x86_64-linux-gnu/libc.a(l10nflist.o)
                0x00000000004077a0                _nl_make_l10nflist
                0x0000000000407d80                _nl_normalize_codeset
 *fill*         0x0000000000407e92        0xe 
 .text          0x0000000000407ea0      0x1f5 /usr/lib/gcc/x86_64-linux-gnu/11/../../../x86_64-linux-gnu/libc.a(explodename.o)
                0x0000000000407ea0                _nl_explode_name
 *fill*         0x0000000000408095        0xb 
 .text          0x00000000004080a0     0x1d0b /usr/lib/gcc/x86_64-linux-gnu/11/../../../x86_64-linux-gnu/libc.a(plural.o)
                0x00000000004080a0                __gettext_free_exp
                0x0000000000409560                __gettextparse
 *fill*         0x0000000000409dab        0x5 
 .text          0x0000000000409db0      0x115 /usr/lib/gcc/x86_64-linux-gnu/11/../../../x86_64-linux-gnu/libc.a(plural-exp.o)
                0x0000000000409db0                __gettext_extract_plural
 *fill*         0x0000000000409ec5        0xb 
 .text          0x0000000000409ed0       0x5b /usr/lib/gcc/x86_64-linux-gnu/11/../../../x86_64-linux-gnu/libc.a(hash-string.o)
                0x0000000000409ed0                __hash_string
 *fill*         0x0000000000409f2b        0x5 
 .text          0x0000000000409f30        0xb /usr/lib/gcc/x86_64-linux-gnu/11/../../../x86_64-linux-gnu/libc.a(bsd-_setjmp.o)
                0x0000000000409f30                _setjmp
 *fill*         0x0000000000409f3b        0x5 
 .text          0x0000000000409f40       0x31 /usr/lib/gcc/x86_64-linux-gnu/11/../../../x86_64-linux-gnu/libc.a(raise.o)
                0x0000000000409f40                gsignal
                0x0000000000409f40                raise
 .text          0x0000000000409f71        0x0 /usr/lib/gcc/x86_64-linux-gnu/11/../../../x86_64-linux-gnu/libc.a(abort.o)
 *fill*         0x0000000000409f71        0xf 
 .text          0x0000000000409f80      0x80c /usr/lib/gcc/x86_64-linux-gnu/11/../../../x86_64-linux-gnu/libc.a(msort.o)
                0x000000000040a3a0                __qsort_r
                0x000000000040a3a0                qsort_r
                0x000000000040a780                qsort
 *fill*         0x000000000040a78c        0x4 
 .text          0x000000000040a790       0xe8 /usr/lib/gcc/x86_64-linux-gnu/11/../../../x86_64-linux-gnu/libc.a(getenv.o)
                0x000000000040a790                getenv
 *fill*         0x000000000040a878        0x8 
 .text          0x000000000040a880      0x280 /usr/lib/gcc/x86_64-linux-gnu/11/../../../x86_64-linux-gnu/libc.a(exit.o)
                0x000000000040a880                __run_exit_handlers
                0x000000000040aae0                exit
 .text          0x000000000040ab00      0x2cd /usr/lib/gcc/x86_64-linux-gnu/11/../../../x86_64-linux-gnu/libc.a(cxa_atexit.o)
                0x000000000040ab00                __new_exitfn
                0x000000000040ac10                __internal_atexit
                0x000000000040acf0                __cxa_atexit
 *fill*         0x000000000040adcd        0x3 
 .text          0x000000000040add0       0x36 /usr/lib/gcc/x86_64-linux-gnu/11/../../../x86_64-linux-gnu/libc.a(strtoul.o)
                0x000000000040add0                __strtoull_internal
                0x000000000040add0                __strtoul_internal
                0x000000000040adf0                strtoumax
                0x000000000040adf0                strtoul
                0x000000000040adf0                strtoull
                0x000000000040adf0                strtouq
                0x000000000040adf0                __strtoul
 *fill*         0x000000000040ae06        0xa 
 .text          0x000000000040ae10      0x4ce /usr/lib/gcc/x86_64-linux-gnu/11/../../../x86_64-linux-gnu/libc.a(strtoul_l.o)
                0x000000000040ae10                ____strtoul_l_internal
                0x000000000040ae10                ____strtoull_l_internal
                0x000000000040b2d0                __strtoull_l
                0x000000000040b2d0                strtoull_l
                0x000000000040b2d0                strtoul_l
                0x000000000040b2d0                __strtoul_l
 *fill*         0x000000000040b2de        0x2 
 .text          0x000000000040b2e0      0x327 /usr/lib/gcc/x86_64-linux-gnu/11/../../../x86_64-linux-gnu/libc.a(grouping.o)
                0x000000000040b2e0                __correctly_grouped_prefixmb
 *fill*         0x000000000040b607        0x9 
 .text          0x000000000040b610       0xb7 /usr/lib/gcc/x86_64-linux-gnu/11/../../../x86_64-linux-gnu/libc.a(fprintf.o)
                0x000000000040b610                fprintf
                0x000000000040b610                _IO_fprintf
                0x000000000040b610                __fprintf
 *fill*         0x000000000040b6c7        0x9 
 .text          0x000000000040b6d0       0xb7 /usr/lib/gcc/x86_64-linux-gnu/11/../../../x86_64-linux-gnu/libc.a(asprintf.o)
                0x000000000040b6d0                __asprintf
                0x000000000040b6d0                asprintf
                0x000000000040b6d0                ___asprintf
 *fill*         0x000000000040b787        0x9 
 .text          0x000000000040b790     0x550f /usr/lib/gcc/x86_64-linux-gnu/11/../../../x86_64-linux-gnu/libc.a(vfprintf-internal.o)
                0x000000000040e720                __vfprintf_internal
 *fill*         0x0000000000410c9f        0x1 
 .text          0x0000000000410ca0       0x53 /usr/lib/gcc/x86_64-linux-gnu/11/../../../x86_64-linux-gnu/libc.a(errlist.o)
                0x0000000000410ca0                __get_errlist
                0x0000000000410cc0                __get_errname
 *fill*         0x0000000000410cf3        0xd 
 .text          0x0000000000410d00      0x8c8 /usr/lib/gcc/x86_64-linux-gnu/11/../../../x86_64-linux-gnu/libc.a(printf-parsemb.o)
                0x0000000000410d00                __parse_one_specmb
 *fill*         0x00000000004115c8        0x8 
 .text          0x00000000004115d0      0x579 /usr/lib/gcc/x86_64-linux-gnu/11/../../../x86_64-linux-gnu/libc.a(fxprintf.o)
                0x0000000000411790                __vfxprintf
                0x0000000000411860                __fxprintf
                0x00000000004119d0                __fxprintf_nocancel
 *fill*         0x0000000000411b49        0x7 
 .text          0x0000000000411b50      0x1e6 /usr/lib/gcc/x86_64-linux-gnu/11/../../../x86_64-linux-gnu/libc.a(iofclose.o)
                0x0000000000411b50                _IO_fclose
                0x0000000000411b50                _IO_new_fclose
                0x0000000000411b50                fclose
                0x0000000000411b50                __new_fclose
 *fill*         0x0000000000411d36        0xa 
 .text          0x0000000000411d40       0xf6 /usr/lib/gcc/x86_64-linux-gnu/11/../../../x86_64-linux-gnu/libc.a(iofflush.o)
                0x0000000000411d40                _IO_fflush
                0x0000000000411d40                fflush
 *fill*         0x0000000000411e36        0xa 
 .text          0x0000000000411e40      0x246 /usr/lib/gcc/x86_64-linux-gnu/11/../../../x86_64-linux-gnu/libc.a(iofopen.o)
                0x0000000000411e40                __fopen_maybe_mmap
                0x0000000000411e90                __fopen_internal
                0x0000000000411f90                _IO_fopen64
                0x0000000000411f90                _IO_new_fopen
                0x0000000000411f90                fopen
                0x0000000000411f90                _IO_fopen
                0x0000000000411f90                __new_fopen
                0x0000000000411f90                fopen64
 *fill*         0x0000000000412086        0xa 
 .text          0x0000000000412090      0x135 /usr/lib/gcc/x86_64-linux-gnu/11/../../../x86_64-linux-gnu/libc.a(iopadn.o)
                0x0000000000412090                _IO_padn
 *fill*         0x00000000004121c5        0xb 
 .text          0x00000000004121d0      0x199 /usr/lib/gcc/x86_64-linux-gnu/11/../../../x86_64-linux-gnu/libc.a(ioputs.o)
                0x00000000004121d0                puts
                0x00000000004121d0                _IO_puts
 *fill*         0x0000000000412369        0x7 
 .text          0x0000000000412370     0x1a94 /usr/lib/gcc/x86_64-linux-gnu/11/../../../x86_64-linux-gnu/libc.a(wfileops.o)
                0x0000000000412370                _IO_wfile_underflow
                0x0000000000412ae0                _IO_wfile_seekoff
                0x0000000000413530                _IO_wdo_write
                0x0000000000413720                _IO_wfile_overflow
                0x0000000000413a30                _IO_wfile_sync
                0x0000000000413bd0                _IO_wfile_xsputn
 *fill*         0x0000000000413e04        0xc 
 .text          0x0000000000413e10      0x4b8 /usr/lib/gcc/x86_64-linux-gnu/11/../../../x86_64-linux-gnu/libc.a(iofwide.o)
                0x0000000000413e10                _IO_fwide
                0x0000000000413f90                __libio_codecvt_out
                0x0000000000414090                __libio_codecvt_in
                0x0000000000414190                __libio_codecvt_encoding
                0x00000000004141c0                __libio_codecvt_length
 *fill*         0x00000000004142c8        0x8 
 .text          0x00000000004142d0      0x11b /usr/lib/gcc/x86_64-linux-gnu/11/../../../x86_64-linux-gnu/libc.a(getc.o)
                0x00000000004142d0                getc
                0x00000000004142d0                _IO_getc
                0x00000000004142d0                fgetc
 *fill*         0x00000000004143eb        0x5 
 .text          0x00000000004143f0      0x1ab /usr/lib/gcc/x86_64-linux-gnu/11/../../../x86_64-linux-gnu/libc.a(vasprintf.o)
                0x00000000004143f0                __vasprintf_internal
                0x0000000000414590                __vasprintf
                0x0000000000414590                vasprintf
 *fill*         0x000000000041459b        0x5 
 .text          0x00000000004145a0      0x470 /usr/lib/gcc/x86_64-linux-gnu/11/../../../x86_64-linux-gnu/libc.a(libc_fatal.o)
                0x0000000000414700                __libc_message
                0x00000000004149f0                __libc_fatal
 .text          0x0000000000414a10       0x1c /usr/lib/gcc/x86_64-linux-gnu/11/../../../x86_64-linux-gnu/libc.a(vtables.o)
                0x0000000000414a10                _IO_vtable_check
 *fill*         0x0000000000414a2c        0x4 
 .text          0x0000000000414a30       0x98 /usr/lib/gcc/x86_64-linux-gnu/11/../../../x86_64-linux-gnu/libc.a(iofgets_u.o)
                0x0000000000414a30                __fgets_unlocked
                0x0000000000414a30                fgets_unlocked
 *fill*         0x0000000000414ac8        0x8 
 .text          0x0000000000414ad0     0x2b11 /usr/lib/gcc/x86_64-linux-gnu/11/../../../x86_64-linux-gnu/libc.a(fileops.o)
                0x0000000000414b40                _IO_file_close
                0x0000000000414b50                _IO_file_setbuf
                0x0000000000414b50                _IO_new_file_setbuf
                0x0000000000414b80                _IO_file_setbuf_mmap
                0x0000000000414c00                _IO_file_underflow
                0x0000000000414c00                _IO_new_file_underflow
                0x0000000000414ef0                _IO_file_close_mmap
                0x0000000000414f20                _IO_file_seek
                0x0000000000415190                _IO_file_seekoff
                0x0000000000415190                _IO_new_file_seekoff
                0x0000000000415760                _IO_file_stat
                0x0000000000415770                _IO_file_write
                0x0000000000415770                _IO_new_file_write
                0x0000000000415b50                _IO_file_xsgetn
                0x0000000000415d50                _IO_file_seekoff_mmap
                0x0000000000415e80                _IO_new_file_xsputn
                0x0000000000415e80                _IO_file_xsputn
                0x0000000000416180                _IO_file_read
                0x00000000004161b0                _IO_file_underflow_maybe_mmap
                0x00000000004163a0                _IO_file_underflow_mmap
                0x0000000000416660                _IO_new_file_init_internal
                0x0000000000416690                _IO_new_file_init
                0x0000000000416690                _IO_file_init
                0x00000000004166c0                _IO_file_open
                0x00000000004167b0                _IO_new_file_attach
                0x00000000004167b0                _IO_file_attach
                0x0000000000416860                _IO_new_do_write
                0x0000000000416860                _IO_do_write
                0x00000000004169e0                _IO_new_file_close_it
                0x00000000004169e0                _IO_file_close_it
                0x0000000000416b40                _IO_new_file_fopen
                0x0000000000416b40                _IO_file_fopen
                0x0000000000417240                _IO_file_finish
                0x0000000000417240                _IO_new_file_finish
                0x00000000004172e0                _IO_file_overflow
                0x00000000004172e0                _IO_new_file_overflow
                0x0000000000417500                _IO_file_sync
                0x0000000000417500                _IO_new_file_sync
 *fill*         0x00000000004175e1        0xf 
 .text          0x00000000004175f0     0x26db /usr/lib/gcc/x86_64-linux-gnu/11/../../../x86_64-linux-gnu/libc.a(genops.o)
                0x0000000000417aa0                _IO_un_link
                0x0000000000417ac0                _IO_link_in
                0x0000000000417cc0                _IO_least_marker
                0x0000000000417cf0                _IO_switch_to_main_get_area
                0x0000000000417d30                _IO_switch_to_backup_area
                0x0000000000417d60                _IO_switch_to_get_mode
                0x0000000000417e00                _IO_free_backup_area
                0x0000000000417e50                __overflow
                0x0000000000417ec0                __underflow
                0x0000000000418090                __uflow
                0x0000000000418280                _IO_setb
                0x00000000004182f0                _IO_doallocbuf
                0x00000000004183b0                _IO_default_underflow
                0x00000000004183c0                _IO_default_uflow
                0x0000000000418420                _IO_default_xsputn
                0x0000000000418600                _IO_sgetn
                0x0000000000418670                _IO_default_xsgetn
                0x00000000004189b0                _IO_default_setbuf
                0x0000000000418ab0                _IO_default_seekpos
                0x0000000000418b20                _IO_default_doallocate
                0x0000000000418ba0                _IO_init_internal
                0x0000000000418c30                _IO_init
                0x0000000000418cc0                _IO_enable_locks
                0x0000000000418d00                _IO_old_init
                0x0000000000418d70                _IO_no_init
                0x0000000000418e40                _IO_default_sync
                0x0000000000418e50                _IO_default_finish
                0x0000000000418ec0                _IO_default_seekoff
                0x0000000000418ed0                _IO_sputbackc
                0x0000000000418f50                _IO_sungetc
                0x0000000000418fd0                _IO_adjust_column
                0x0000000000419000                _IO_flush_all_lockp
                0x0000000000419270                _IO_cleanup
                0x0000000000419520                _IO_flush_all
                0x0000000000419530                _IO_flush_all_linebuffered
                0x0000000000419530                _flushlbf
                0x0000000000419750                _IO_init_marker
                0x0000000000419840                _IO_remove_marker
                0x0000000000419880                _IO_marker_difference
                0x0000000000419890                _IO_marker_delta
                0x00000000004198d0                _IO_seekmark
                0x0000000000419980                _IO_unsave_markers
                0x00000000004199e0                _IO_default_pbackfail
                0x0000000000419b80                _IO_default_seek
                0x0000000000419b90                _IO_default_stat
                0x0000000000419ba0                _IO_default_read
                0x0000000000419bb0                _IO_default_write
                0x0000000000419bc0                _IO_default_showmanyc
                0x0000000000419bd0                _IO_default_imbue
                0x0000000000419be0                _IO_iter_begin
                0x0000000000419bf0                _IO_iter_end
                0x0000000000419c00                _IO_iter_next
                0x0000000000419c10                _IO_iter_file
                0x0000000000419c20                _IO_list_lock
                0x0000000000419c70                _IO_list_unlock
                0x0000000000419cb0                _IO_list_resetlock
 .text          0x0000000000419ccb        0x0 /usr/lib/gcc/x86_64-linux-gnu/11/../../../x86_64-linux-gnu/libc.a(stdfiles.o)
 .text          0x0000000000419ccb        0x0 /usr/lib/gcc/x86_64-linux-gnu/11/../../../x86_64-linux-gnu/libc.a(stdio.o)
 *fill*         0x0000000000419ccb        0x5 
 .text          0x0000000000419cd0      0x9d8 /usr/lib/gcc/x86_64-linux-gnu/11/../../../x86_64-linux-gnu/libc.a(strops.o)
                0x0000000000419cd0                _IO_str_underflow
                0x0000000000419d30                _IO_str_overflow
                0x000000000041a0f0                _IO_str_seekoff
                0x000000000041a3d0                _IO_str_pbackfail
                0x000000000041a3f0                _IO_str_finish
                0x000000000041a430                _IO_str_init_static_internal
                0x000000000041a500                _IO_str_init_static
                0x000000000041a5e0                _IO_str_init_readonly
                0x000000000041a690                _IO_str_count
 *fill*         0x000000000041a6a8        0x8 
 .text          0x000000000041a6b0       0x48 /usr/lib/gcc/x86_64-linux-gnu/11/../../../x86_64-linux-gnu/libc.a(alloca_cutoff.o)
                0x000000000041a6b0                __libc_alloca_cutoff
 *fill*         0x000000000041a6f8        0x8 
 .text          0x000000000041a700       0x6d /usr/lib/gcc/x86_64-linux-gnu/11/../../../x86_64-linux-gnu/libc.a(libc-cleanup.o)
                0x000000000041a700                __libc_cleanup_push_defer
                0x000000000041a740                __libc_cleanup_pop_restore
 *fill*         0x000000000041a76d        0x3 
 .text          0x000000000041a770      0x108 /usr/lib/gcc/x86_64-linux-gnu/11/../../../x86_64-linux-gnu/libc.a(lowlevellock.o)
                0x000000000041a770                __lll_lock_wait_private
                0x000000000041a7d0                __lll_lock_wait
                0x000000000041a840                __lll_lock_wake_private
                0x000000000041a860                __lll_lock_wake
 *fill*         0x000000000041a878        0x8 
 .text          0x000000000041a880      0x143 /usr/lib/gcc/x86_64-linux-gnu/11/../../../x86_64-linux-gnu/libc.a(nptl_deallocate_tsd.o)
                0x000000000041a880                __nptl_deallocate_tsd
 .text          0x000000000041a9c3        0x0 /usr/lib/gcc/x86_64-linux-gnu/11/../../../x86_64-linux-gnu/libc.a(nptl_nthreads.o)
 .text          0x000000000041a9c3        0x0 /usr/lib/gcc/x86_64-linux-gnu/11/../../../x86_64-linux-gnu/libc.a(pthread_keys.o)
 *fill*         0x000000000041a9c3        0xd 
 .text          0x000000000041a9d0      0x2ca /usr/lib/gcc/x86_64-linux-gnu/11/../../../x86_64-linux-gnu/libc.a(pthread_kill.o)
                0x000000000041a9d0                __pthread_kill_internal
                0x000000000041ab30                pthread_kill
                0x000000000041ab30                __pthread_kill
 *fill*         0x000000000041ac9a        0x6 
 .text          0x000000000041aca0       0x3e /usr/lib/gcc/x86_64-linux-gnu/11/../../../x86_64-linux-gnu/libc.a(pthread_rwlock_init.o)
                0x000000000041aca0                pthread_rwlock_init
                0x000000000041aca0                __pthread_rwlock_init
                0x000000000041aca0                ___pthread_rwlock_init
 *fill*         0x000000000041acde        0x2 
 .text          0x000000000041ace0      0x1ed /usr/lib/gcc/x86_64-linux-gnu/11/../../../x86_64-linux-gnu/libc.a(pthread_rwlock_rdlock.o)
                0x000000000041ace0                pthread_rwlock_rdlock
                0x000000000041ace0                __pthread_rwlock_rdlock
                0x000000000041ace0                ___pthread_rwlock_rdlock
 *fill*         0x000000000041aecd        0x3 
 .text          0x000000000041aed0      0x1cf /usr/lib/gcc/x86_64-linux-gnu/11/../../../x86_64-linux-gnu/libc.a(pthread_rwlock_unlock.o)
                0x000000000041aed0                pthread_rwlock_unlock
                0x000000000041aed0                __pthread_rwlock_unlock
                0x000000000041aed0                ___pthread_rwlock_unlock
 *fill*         0x000000000041b09f        0x1 
 .text          0x000000000041b0a0      0x36e /usr/lib/gcc/x86_64-linux-gnu/11/../../../x86_64-linux-gnu/libc.a(pthread_rwlock_wrlock.o)
                0x000000000041b0a0                ___pthread_rwlock_wrlock
                0x000000000041b0a0                __pthread_rwlock_wrlock
                0x000000000041b0a0                pthread_rwlock_wrlock
 *fill*         0x000000000041b40e        0x2 
 .text          0x000000000041b410        0xe /usr/lib/gcc/x86_64-linux-gnu/11/../../../x86_64-linux-gnu/libc.a(pthread_self.o)
                0x000000000041b410                pthread_self
                0x000000000041b410                __pthread_self
 *fill*         0x000000000041b41e        0x2 
 .text          0x000000000041b420       0x2f /usr/lib/gcc/x86_64-linux-gnu/11/../../../x86_64-linux-gnu/libc.a(pthread_setcancelstate.o)
                0x000000000041b420                __pthread_setcancelstate
                0x000000000041b420                pthread_setcancelstate
 *fill*         0x000000000041b44f        0x1 
 .text          0x000000000041b450       0x4b /usr/lib/gcc/x86_64-linux-gnu/11/../../../x86_64-linux-gnu/libc.a(pthread_testcancel.o)
                0x000000000041b450                ___pthread_testcancel
                0x000000000041b450                pthread_testcancel
                0x000000000041b450                __pthread_testcancel
 *fill*         0x000000000041b49b        0x5 
 .text          0x000000000041b4a0     0x67da /usr/lib/gcc/x86_64-linux-gnu/11/../../../x86_64-linux-gnu/libc.a(malloc.o)
                0x000000000041f720                __glibc_morecore
                0x000000000041f760                __malloc_fork_lock_parent
                0x000000000041f7e0                __malloc_fork_unlock_parent
                0x000000000041f860                __malloc_fork_unlock_child
                0x000000000041f910                malloc
                0x000000000041f910                __malloc
                0x000000000041f910                __libc_malloc
                0x000000000041fc50                __free
                0x000000000041fc50                __libc_free
                0x000000000041fc50                free
                0x000000000041fd50                __malloc_arena_thread_freeres
                0x000000000041ffa0                __libc_realloc
                0x000000000041ffa0                realloc
                0x000000000041ffa0                __realloc
                0x00000000004204a0                __libc_memalign
                0x00000000004204a0                __memalign
                0x00000000004204a0                memalign
                0x00000000004204a0                aligned_alloc
                0x0000000000420780                __libc_valloc
                0x0000000000420780                valloc
                0x0000000000420780                __valloc
                0x0000000000420a60                pvalloc
                0x0000000000420a60                __libc_pvalloc
                0x0000000000420a60                __pvalloc
                0x0000000000420d60                __calloc
                0x0000000000420d60                calloc
                0x0000000000420d60                __libc_calloc
                0x00000000004210b0                __malloc_trim
                0x00000000004210b0                malloc_trim
                0x0000000000421350                malloc_usable_size
                0x0000000000421350                __malloc_usable_size
                0x0000000000421390                __mallinfo2
                0x0000000000421390                mallinfo2
                0x0000000000421390                __libc_mallinfo2
                0x00000000004214b0                __mallinfo
                0x00000000004214b0                __libc_mallinfo
                0x00000000004214b0                mallinfo
                0x0000000000421530                malloc_stats
                0x0000000000421530                __malloc_stats
                0x0000000000421760                __libc_mallopt
                0x0000000000421760                mallopt
                0x0000000000421760                __mallopt
                0x0000000000421940                __posix_memalign
                0x0000000000421940                posix_memalign
                0x0000000000421c40                __malloc_info
                0x0000000000421c40                malloc_info
 *fill*         0x0000000000421c7a        0x6 
 .text          0x0000000000421c80       0xb1 /usr/lib/gcc/x86_64-linux-gnu/11/../../../x86_64-linux-gnu/libc.a(scratch_buffer_grow_preserve.o)
                0x0000000000421c80                __libc_scratch_buffer_grow_preserve
 *fill*         0x0000000000421d31        0xf 
 .text          0x0000000000421d40       0xae /usr/lib/gcc/x86_64-linux-gnu/11/../../../x86_64-linux-gnu/libc.a(scratch_buffer_set_array_size.o)
                0x0000000000421d40                __libc_scratch_buffer_set_array_size
 *fill*         0x0000000000421dee        0x2 
 .text          0x0000000000421df0       0x70 /usr/lib/gcc/x86_64-linux-gnu/11/../../../x86_64-linux-gnu/libc.a(strchr.o)
                0x0000000000421df0                index
                0x0000000000421df0                strchr
 .text          0x0000000000421e60       0x79 /usr/lib/gcc/x86_64-linux-gnu/11/../../../x86_64-linux-gnu/libc.a(strcmp.o)
                0x0000000000421e60                strcmp
 *fill*         0x0000000000421ed9        0x7 
 .text          0x0000000000421ee0       0x71 /usr/lib/gcc/x86_64-linux-gnu/11/../../../x86_64-linux-gnu/libc.a(strcpy.o)
                0x0000000000421ee0                strcpy
 *fill*         0x0000000000421f51        0xf 
 .text          0x0000000000421f60       0x1e /usr/lib/gcc/x86_64-linux-gnu/11/../../../x86_64-linux-gnu/libc.a(strcspn.o)
                0x0000000000421f60                strcspn
 *fill*         0x0000000000421f7e        0x2 
 .text          0x0000000000421f80       0x40 /usr/lib/gcc/x86_64-linux-gnu/11/../../../x86_64-linux-gnu/libc.a(strdup.o)
                0x0000000000421f80                __strdup
                0x0000000000421f80                strdup
 .text          0x0000000000421fc0       0x72 /usr/lib/gcc/x86_64-linux-gnu/11/../../../x86_64-linux-gnu/libc.a(_strerror.o)
                0x0000000000421fc0                __strerror_r
                0x0000000000421fc0                strerror_r
 *fill*         0x0000000000422032        0xe 
 .text          0x0000000000422040       0x70 /usr/lib/gcc/x86_64-linux-gnu/11/../../../x86_64-linux-gnu/libc.a(strlen.o)
                0x0000000000422040                strlen
 .text          0x00000000004220b0       0x70 /usr/lib/gcc/x86_64-linux-gnu/11/../../../x86_64-linux-gnu/libc.a(strnlen.o)
                0x00000000004220b0                __strnlen
                0x00000000004220b0                strnlen
 .text          0x0000000000422120       0x91 /usr/lib/gcc/x86_64-linux-gnu/11/../../../x86_64-linux-gnu/libc.a(strncmp.o)
                0x0000000000422120                strncmp
 *fill*         0x00000000004221b1        0xf 
 .text          0x00000000004221c0      0x7fe /usr/lib/gcc/x86_64-linux-gnu/11/../../../x86_64-linux-gnu/libc.a(strstr.o)
                0x0000000000422650                __strstr_sse2
                0x00000000004229a0                strstr
                0x00000000004229a0                __libc_strstr
 *fill*         0x00000000004229be        0x2 
 .text          0x00000000004229c0       0x91 /usr/lib/gcc/x86_64-linux-gnu/11/../../../x86_64-linux-gnu/libc.a(memcmp.o)
                0x00000000004229c0                bcmp
                0x00000000004229c0                memcmp
 *fill*         0x0000000000422a51        0xf 
 .text          0x0000000000422a60      0x106 /usr/lib/gcc/x86_64-linux-gnu/11/../../../x86_64-linux-gnu/libc.a(memmove.o)
                0x0000000000422a60                memmove
                0x0000000000422a60                __libc_memmove
 *fill*         0x0000000000422b66        0xa 
 .text          0x0000000000422b70       0xf1 /usr/lib/gcc/x86_64-linux-gnu/11/../../../x86_64-linux-gnu/libc.a(memset.o)
                0x0000000000422b70                memset
 *fill*         0x0000000000422c61        0xf 
 .text          0x0000000000422c70      0x106 /usr/lib/gcc/x86_64-linux-gnu/11/../../../x86_64-linux-gnu/libc.a(mempcpy.o)
                0x0000000000422c70                mempcpy
                0x0000000000422c70                __mempcpy
 *fill*         0x0000000000422d76        0xa 
 .text          0x0000000000422d80       0x71 /usr/lib/gcc/x86_64-linux-gnu/11/../../../x86_64-linux-gnu/libc.a(stpcpy.o)
                0x0000000000422d80                stpcpy
                0x0000000000422d80                __stpcpy
 *fill*         0x0000000000422df1        0xf 
 .text          0x0000000000422e00       0x47 /usr/lib/gcc/x86_64-linux-gnu/11/../../../x86_64-linux-gnu/libc.a(strcasecmp_l.o)
                0x0000000000422e00                strcasecmp_l
                0x0000000000422e00                __strcasecmp_l
 *fill*         0x0000000000422e47        0x9 
 .text          0x0000000000422e50      0x106 /usr/lib/gcc/x86_64-linux-gnu/11/../../../x86_64-linux-gnu/libc.a(memcpy.o)
                0x0000000000422e50                memcpy
                0x0000000000422e50                __new_memcpy
 *fill*         0x0000000000422f56        0xa 
 .text          0x0000000000422f60       0x7d /usr/lib/gcc/x86_64-linux-gnu/11/../../../x86_64-linux-gnu/libc.a(rawmemchr.o)
                0x0000000000422f60                __rawmemchr
                0x0000000000422f60                rawmemchr
 *fill*         0x0000000000422fdd        0x3 
 .text          0x0000000000422fe0       0x70 /usr/lib/gcc/x86_64-linux-gnu/11/../../../x86_64-linux-gnu/libc.a(strchrnul.o)
                0x0000000000422fe0                __strchrnul
                0x0000000000422fe0                strchrnul
 .text          0x0000000000423050     0x1449 /usr/lib/gcc/x86_64-linux-gnu/11/../../../x86_64-linux-gnu/libc.a(strcmp-sse2.o)
                0x0000000000423050                __strcmp_sse2
 *fill*         0x0000000000424499        0x7 
 .text          0x00000000004244a0      0x2a3 /usr/lib/gcc/x86_64-linux-gnu/11/../../../x86_64-linux-gnu/libc.a(strcmp-sse2-unaligned.o)
                0x00000000004244a0                __strcmp_sse2_unaligned
 .text          0x0000000000424743        0x0 /usr/lib/gcc/x86_64-linux-gnu/11/../../../x86_64-linux-gnu/libc.a(strcmp-ssse3.o)
 *fill*         0x0000000000424743        0xd 
 .text.ssse3    0x0000000000424750     0x1269 /usr/lib/gcc/x86_64-linux-gnu/11/../../../x86_64-linux-gnu/libc.a(strcmp-ssse3.o)
                0x0000000000424750                __strcmp_ssse3
 .text          0x00000000004259b9        0x0 /usr/lib/gcc/x86_64-linux-gnu/11/../../../x86_64-linux-gnu/libc.a(strcmp-avx2.o)
 *fill*         0x00000000004259b9        0x7 
 .text.avx      0x00000000004259c0      0x43f /usr/lib/gcc/x86_64-linux-gnu/11/../../../x86_64-linux-gnu/libc.a(strcmp-avx2.o)
                0x00000000004259c0                __strcmp_avx2
 *fill*         0x0000000000425dff        0x1 
 .text          0x0000000000425e00     0x1859 /usr/lib/gcc/x86_64-linux-gnu/11/../../../x86_64-linux-gnu/libc.a(strncmp-sse2.o)
                0x0000000000425e00                __strncmp_sse2
 .text          0x0000000000427659        0x0 /usr/lib/gcc/x86_64-linux-gnu/11/../../../x86_64-linux-gnu/libc.a(strncmp-ssse3.o)
 *fill*         0x0000000000427659        0x7 
 .text.ssse3    0x0000000000427660     0x1769 /usr/lib/gcc/x86_64-linux-gnu/11/../../../x86_64-linux-gnu/libc.a(strncmp-ssse3.o)
                0x0000000000427660                __strncmp_ssse3
 .text          0x0000000000428dc9        0x0 /usr/lib/gcc/x86_64-linux-gnu/11/../../../x86_64-linux-gnu/libc.a(strncmp-sse4_2.o)
 *fill*         0x0000000000428dc9        0x7 
 .text.sse4.2   0x0000000000428dd0      0xfd9 /usr/lib/gcc/x86_64-linux-gnu/11/../../../x86_64-linux-gnu/libc.a(strncmp-sse4_2.o)
                0x0000000000428dd0                __strncmp_sse42
 .text          0x0000000000429da9        0x0 /usr/lib/gcc/x86_64-linux-gnu/11/../../../x86_64-linux-gnu/libc.a(strncmp-avx2.o)
 *fill*         0x0000000000429da9        0x7 
 .text.avx      0x0000000000429db0      0x528 /usr/lib/gcc/x86_64-linux-gnu/11/../../../x86_64-linux-gnu/libc.a(strncmp-avx2.o)
                0x0000000000429db0                __strncmp_avx2
 *fill*         0x000000000042a2d8        0x8 
 .text          0x000000000042a2e0      0x209 /usr/lib/gcc/x86_64-linux-gnu/11/../../../x86_64-linux-gnu/libc.a(rawmemchr-sse2.o)
                0x000000000042a2e0                __rawmemchr_sse2
 .text          0x000000000042a4e9        0x0 /usr/lib/gcc/x86_64-linux-gnu/11/../../../x86_64-linux-gnu/libc.a(rawmemchr-avx2.o)
 *fill*         0x000000000042a4e9        0x7 
 .text.avx      0x000000000042a4f0      0x16f /usr/lib/gcc/x86_64-linux-gnu/11/../../../x86_64-linux-gnu/libc.a(rawmemchr-avx2.o)
                0x000000000042a4f0                __rawmemchr_avx2
 *fill*         0x000000000042a65f        0x1 
 .text          0x000000000042a660      0x400 /usr/lib/gcc/x86_64-linux-gnu/11/../../../x86_64-linux-gnu/libc.a(memcmp-sse2.o)
                0x000000000042a660                __memcmp_sse2
 .text          0x000000000042aa60        0x0 /usr/lib/gcc/x86_64-linux-gnu/11/../../../x86_64-linux-gnu/libc.a(memcmp-avx2-movbe.o)
 .text.avx      0x000000000042aa60      0x43d /usr/lib/gcc/x86_64-linux-gnu/11/../../../x86_64-linux-gnu/libc.a(memcmp-avx2-movbe.o)
                0x000000000042aa60                __memcmp_avx2_movbe
 .text          0x000000000042ae9d        0x0 /usr/lib/gcc/x86_64-linux-gnu/11/../../../x86_64-linux-gnu/libc.a(memcmp-sse4.o)
 *fill*         0x000000000042ae9d        0x3 
 .text.sse4.1   0x000000000042aea0      0x89f /usr/lib/gcc/x86_64-linux-gnu/11/../../../x86_64-linux-gnu/libc.a(memcmp-sse4.o)
                0x000000000042aea0                __memcmp_sse4_1
 .text          0x000000000042b73f        0x0 /usr/lib/gcc/x86_64-linux-gnu/11/../../../x86_64-linux-gnu/libc.a(memcpy-ssse3.o)
 *fill*         0x000000000042b73f        0x1 
 .text.ssse3    0x000000000042b740     0x29f7 /usr/lib/gcc/x86_64-linux-gnu/11/../../../x86_64-linux-gnu/libc.a(memcpy-ssse3.o)
                0x000000000042b740                __mempcpy_chk_ssse3
                0x000000000042b750                __mempcpy_ssse3
                0x000000000042b760                __memcpy_chk_ssse3
                0x000000000042b770                __memcpy_ssse3
 .text          0x000000000042e137        0x0 /usr/lib/gcc/x86_64-linux-gnu/11/../../../x86_64-linux-gnu/libc.a(memmove-ssse3.o)
 *fill*         0x000000000042e137        0x9 
 .text.ssse3    0x000000000042e140     0x2b88 /usr/lib/gcc/x86_64-linux-gnu/11/../../../x86_64-linux-gnu/libc.a(memmove-ssse3.o)
                0x000000000042e140                __memmove_chk_ssse3
                0x000000000042e150                __memmove_ssse3
 .text          0x0000000000430cc8        0x0 /usr/lib/gcc/x86_64-linux-gnu/11/../../../x86_64-linux-gnu/libc.a(memcpy-ssse3-back.o)
 *fill*         0x0000000000430cc8        0x8 
 .text.ssse3    0x0000000000430cd0     0x2b06 /usr/lib/gcc/x86_64-linux-gnu/11/../../../x86_64-linux-gnu/libc.a(memcpy-ssse3-back.o)
                0x0000000000430cd0                __mempcpy_chk_ssse3_back
                0x0000000000430ce0                __mempcpy_ssse3_back
                0x0000000000430cf0                __memcpy_chk_ssse3_back
                0x0000000000430d00                __memcpy_ssse3_back
 .text          0x00000000004337d6        0x0 /usr/lib/gcc/x86_64-linux-gnu/11/../../../x86_64-linux-gnu/libc.a(memmove-ssse3-back.o)
 *fill*         0x00000000004337d6        0xa 
 .text.ssse3    0x00000000004337e0     0x2b26 /usr/lib/gcc/x86_64-linux-gnu/11/../../../x86_64-linux-gnu/libc.a(memmove-ssse3-back.o)
                0x00000000004337e0                __memmove_chk_ssse3_back
                0x00000000004337f0                __memmove_ssse3_back
 .text          0x0000000000436306        0x0 /usr/lib/gcc/x86_64-linux-gnu/11/../../../x86_64-linux-gnu/libc.a(memmove-avx512-no-vzeroupper.o)
 *fill*         0x0000000000436306        0xa 
 .text.avx512   0x0000000000436310      0x76f /usr/lib/gcc/x86_64-linux-gnu/11/../../../x86_64-linux-gnu/libc.a(memmove-avx512-no-vzeroupper.o)
                0x0000000000436310                __mempcpy_chk_avx512_no_vzeroupper
                0x0000000000436320                __mempcpy_avx512_no_vzeroupper
                0x0000000000436330                __memcpy_chk_avx512_no_vzeroupper
                0x0000000000436330                __memmove_chk_avx512_no_vzeroupper
                0x0000000000436340                __memcpy_avx512_no_vzeroupper
                0x0000000000436340                __memmove_avx512_no_vzeroupper
 *fill*         0x0000000000436a7f        0x1 
 .text          0x0000000000436a80     0x2246 /usr/lib/gcc/x86_64-linux-gnu/11/../../../x86_64-linux-gnu/libc.a(strcasecmp_l-sse2.o)
                0x0000000000436a80                __strcasecmp_sse2
                0x0000000000436aa0                __strcasecmp_l_sse2
 .text          0x0000000000438cc6        0x0 /usr/lib/gcc/x86_64-linux-gnu/11/../../../x86_64-linux-gnu/libc.a(strcasecmp_l-ssse3.o)
 *fill*         0x0000000000438cc6        0xa 
 .text.ssse3    0x0000000000438cd0     0x2156 /usr/lib/gcc/x86_64-linux-gnu/11/../../../x86_64-linux-gnu/libc.a(strcasecmp_l-ssse3.o)
                0x0000000000438cd0                __strcasecmp_ssse3
                0x0000000000438cf0                __strcasecmp_l_ssse3
 .text          0x000000000043ae26        0x0 /usr/lib/gcc/x86_64-linux-gnu/11/../../../x86_64-linux-gnu/libc.a(strcasecmp_l-sse4_2.o)
 *fill*         0x000000000043ae26        0xa 
 .text.sse4.2   0x000000000043ae30     0x1ba6 /usr/lib/gcc/x86_64-linux-gnu/11/../../../x86_64-linux-gnu/libc.a(strcasecmp_l-sse4_2.o)
                0x000000000043ae30                __strcasecmp_sse42
                0x000000000043ae44                __strcasecmp_l_sse42
 .text          0x000000000043c9d6        0x0 /usr/lib/gcc/x86_64-linux-gnu/11/../../../x86_64-linux-gnu/libc.a(strcasecmp_l-avx.o)
 *fill*         0x000000000043c9d6        0xa 
 .text.avx      0x000000000043c9e0     0x1676 /usr/lib/gcc/x86_64-linux-gnu/11/../../../x86_64-linux-gnu/libc.a(strcasecmp_l-avx.o)
                0x000000000043c9e0                __strcasecmp_avx
                0x000000000043c9f4                __strcasecmp_l_avx
 *fill*         0x000000000043e056        0xa 
 .text          0x000000000043e060      0x22a /usr/lib/gcc/x86_64-linux-gnu/11/../../../x86_64-linux-gnu/libc.a(strchr-sse2.o)
                0x000000000043e060                __strchr_sse2
 *fill*         0x000000000043e28a        0x6 
 .text          0x000000000043e290      0x20a /usr/lib/gcc/x86_64-linux-gnu/11/../../../x86_64-linux-gnu/libc.a(strchrnul-sse2.o)
                0x000000000043e290                __strchrnul_sse2
 .text          0x000000000043e49a        0x0 /usr/lib/gcc/x86_64-linux-gnu/11/../../../x86_64-linux-gnu/libc.a(strchr-avx2.o)
 *fill*         0x000000000043e49a        0x6 
 .text.avx      0x000000000043e4a0      0x271 /usr/lib/gcc/x86_64-linux-gnu/11/../../../x86_64-linux-gnu/libc.a(strchr-avx2.o)
                0x000000000043e4a0                __strchr_avx2
 .text          0x000000000043e711        0x0 /usr/lib/gcc/x86_64-linux-gnu/11/../../../x86_64-linux-gnu/libc.a(strchrnul-avx2.o)
 *fill*         0x000000000043e711        0xf 
 .text.avx      0x000000000043e720      0x206 /usr/lib/gcc/x86_64-linux-gnu/11/../../../x86_64-linux-gnu/libc.a(strchrnul-avx2.o)
                0x000000000043e720                __strchrnul_avx2
 *fill*         0x000000000043e926        0xa 
 .text          0x000000000043e930      0x19c /usr/lib/gcc/x86_64-linux-gnu/11/../../../x86_64-linux-gnu/libc.a(strlen-sse2.o)
                0x000000000043e930                __strlen_sse2
 *fill*         0x000000000043eacc        0x4 
 .text          0x000000000043ead0      0x218 /usr/lib/gcc/x86_64-linux-gnu/11/../../../x86_64-linux-gnu/libc.a(strnlen-sse2.o)
                0x000000000043ead0                __strnlen_sse2
 .text          0x000000000043ece8        0x0 /usr/lib/gcc/x86_64-linux-gnu/11/../../../x86_64-linux-gnu/libc.a(strlen-avx2.o)
 *fill*         0x000000000043ece8       0x18 
 .text.avx      0x000000000043ed00      0x172 /usr/lib/gcc/x86_64-linux-gnu/11/../../../x86_64-linux-gnu/libc.a(strlen-avx2.o)
                0x000000000043ed00                __strlen_avx2
 .text          0x000000000043ee72        0x0 /usr/lib/gcc/x86_64-linux-gnu/11/../../../x86_64-linux-gnu/libc.a(strnlen-avx2.o)
 *fill*         0x000000000043ee72        0xe 
 .text.avx      0x000000000043ee80      0x2ce /usr/lib/gcc/x86_64-linux-gnu/11/../../../x86_64-linux-gnu/libc.a(strnlen-avx2.o)
                0x000000000043ee80                __strnlen_avx2
 .text          0x000000000043f14e        0x0 /usr/lib/gcc/x86_64-linux-gnu/11/../../../x86_64-linux-gnu/libc.a(strcpy-avx2.o)
 *fill*         0x000000000043f14e        0x2 
 .text.avx      0x000000000043f150      0x388 /usr/lib/gcc/x86_64-linux-gnu/11/../../../x86_64-linux-gnu/libc.a(strcpy-avx2.o)
                0x000000000043f150                __strcpy_avx2
 *fill*         0x000000000043f4d8        0x8 
 .text          0x000000000043f4e0       0xec /usr/lib/gcc/x86_64-linux-gnu/11/../../../x86_64-linux-gnu/libc.a(strcpy-sse2.o)
                0x000000000043f4e0                __strcpy_sse2
 *fill*         0x000000000043f5cc        0x4 
 .text          0x000000000043f5d0       0xec /usr/lib/gcc/x86_64-linux-gnu/11/../../../x86_64-linux-gnu/libc.a(stpcpy-sse2.o)
                0x000000000043f5d0                __stpcpy_sse2
 .text          0x000000000043f6bc        0x0 /usr/lib/gcc/x86_64-linux-gnu/11/../../../x86_64-linux-gnu/libc.a(strcpy-ssse3.o)
 *fill*         0x000000000043f6bc        0x4 
 .text.ssse3    0x000000000043f6c0     0x17a2 /usr/lib/gcc/x86_64-linux-gnu/11/../../../x86_64-linux-gnu/libc.a(strcpy-ssse3.o)
                0x000000000043f6c0                __strcpy_ssse3
 .text          0x0000000000440e62        0x0 /usr/lib/gcc/x86_64-linux-gnu/11/../../../x86_64-linux-gnu/libc.a(stpcpy-ssse3.o)
 *fill*         0x0000000000440e62        0xe 
 .text.ssse3    0x0000000000440e70     0x1803 /usr/lib/gcc/x86_64-linux-gnu/11/../../../x86_64-linux-gnu/libc.a(stpcpy-ssse3.o)
                0x0000000000440e70                __stpcpy_ssse3
 *fill*         0x0000000000442673        0xd 
 .text          0x0000000000442680      0x630 /usr/lib/gcc/x86_64-linux-gnu/11/../../../x86_64-linux-gnu/libc.a(strcpy-sse2-unaligned.o)
                0x0000000000442680                __strcpy_sse2_unaligned
 .text          0x0000000000442cb0      0x6c0 /usr/lib/gcc/x86_64-linux-gnu/11/../../../x86_64-linux-gnu/libc.a(stpcpy-sse2-unaligned.o)
                0x0000000000442cb0                __stpcpy_sse2_unaligned
 .text          0x0000000000443370        0x0 /usr/lib/gcc/x86_64-linux-gnu/11/../../../x86_64-linux-gnu/libc.a(stpcpy-avx2.o)
 .text.avx      0x0000000000443370      0x3ac /usr/lib/gcc/x86_64-linux-gnu/11/../../../x86_64-linux-gnu/libc.a(stpcpy-avx2.o)
                0x0000000000443370                __stpcpy_avx2
 .text          0x000000000044371c        0x0 /usr/lib/gcc/x86_64-linux-gnu/11/../../../x86_64-linux-gnu/libc.a(strchr-sse2-no-bsf.o)
 *fill*         0x000000000044371c        0x4 
 .text.atom     0x0000000000443720      0x315 /usr/lib/gcc/x86_64-linux-gnu/11/../../../x86_64-linux-gnu/libc.a(strchr-sse2-no-bsf.o)
                0x0000000000443720                __strchr_sse2_no_bsf
 .text          0x0000000000443a35        0x0 /usr/lib/gcc/x86_64-linux-gnu/11/../../../x86_64-linux-gnu/libc.a(memcmp-ssse3.o)
 *fill*         0x0000000000443a35        0xb 
 .text.atom     0x0000000000443a40     0x1763 /usr/lib/gcc/x86_64-linux-gnu/11/../../../x86_64-linux-gnu/libc.a(memcmp-ssse3.o)
                0x0000000000443a40                __memcmp_ssse3
 *fill*         0x00000000004451a3        0xd 
 .text          0x00000000004451b0      0x493 /usr/lib/gcc/x86_64-linux-gnu/11/../../../x86_64-linux-gnu/libc.a(strstr-sse2-unaligned.o)
                0x00000000004451b0                __strstr_sse2_unaligned
 *fill*         0x0000000000445643        0xd 
 .text          0x0000000000445650       0xa7 /usr/lib/gcc/x86_64-linux-gnu/11/../../../x86_64-linux-gnu/libc.a(strcspn-sse2.o)
                0x0000000000445650                __strcspn_sse2
 .text          0x00000000004456f7        0x0 /usr/lib/gcc/x86_64-linux-gnu/11/../../../x86_64-linux-gnu/libc.a(strcspn-c.o)
 *fill*         0x00000000004456f7        0x9 
 .text.sse4.2   0x0000000000445700      0x13f /usr/lib/gcc/x86_64-linux-gnu/11/../../../x86_64-linux-gnu/libc.a(strcspn-c.o)
                0x0000000000445700                __strcspn_sse42
 .text          0x000000000044583f        0x0 /usr/lib/gcc/x86_64-linux-gnu/11/../../../x86_64-linux-gnu/libc.a(varshift.o)
 .text          0x000000000044583f        0x0 /usr/lib/gcc/x86_64-linux-gnu/11/../../../x86_64-linux-gnu/libc.a(memset-avx512-no-vzeroupper.o)
 *fill*         0x000000000044583f        0x1 
 .text.avx512   0x0000000000445840      0x284 /usr/lib/gcc/x86_64-linux-gnu/11/../../../x86_64-linux-gnu/libc.a(memset-avx512-no-vzeroupper.o)
                0x0000000000445840                __memset_chk_avx512_no_vzeroupper
                0x0000000000445850                __memset_avx512_no_vzeroupper
 *fill*         0x0000000000445ac4       0x3c 
 .text          0x0000000000445b00      0x652 /usr/lib/gcc/x86_64-linux-gnu/11/../../../x86_64-linux-gnu/libc.a(memmove-sse2-unaligned-erms.o)
                0x0000000000445b00                __mempcpy_sse2_unaligned
                0x0000000000445b10                __memmove_sse2_unaligned
                0x0000000000445b10                __memcpy_sse2_unaligned
                0x0000000000445b40                __mempcpy_chk_erms
                0x0000000000445b50                __mempcpy_erms
                0x0000000000445b70                __memcpy_chk_erms
                0x0000000000445b70                __memmove_chk_erms
                0x0000000000445b80                __memmove_erms
                0x0000000000445b80                __memcpy_erms
                0x0000000000445bc0                __mempcpy_sse2_unaligned_erms
                0x0000000000445c00                __memmove_sse2_unaligned_erms
                0x0000000000445c00                __memcpy_sse2_unaligned_erms
 .text          0x0000000000446152        0x0 /usr/lib/gcc/x86_64-linux-gnu/11/../../../x86_64-linux-gnu/libc.a(memmove-avx-unaligned-erms.o)
 *fill*         0x0000000000446152       0x2e 
 .text.avx      0x0000000000446180      0x75e /usr/lib/gcc/x86_64-linux-gnu/11/../../../x86_64-linux-gnu/libc.a(memmove-avx-unaligned-erms.o)
                0x0000000000446180                __mempcpy_avx_unaligned
                0x0000000000446190                __memcpy_avx_unaligned
                0x0000000000446190                __memmove_avx_unaligned
                0x00000000004461d0                __mempcpy_avx_unaligned_erms
                0x0000000000446200                __memcpy_avx_unaligned_erms
                0x0000000000446200                __memmove_avx_unaligned_erms
 .text          0x00000000004468de        0x0 /usr/lib/gcc/x86_64-linux-gnu/11/../../../x86_64-linux-gnu/libc.a(memmove-avx512-unaligned-erms.o)
 *fill*         0x00000000004468de       0x22 
 .text.evex512  0x0000000000446900      0x840 /usr/lib/gcc/x86_64-linux-gnu/11/../../../x86_64-linux-gnu/libc.a(memmove-avx512-unaligned-erms.o)
                0x0000000000446900                __mempcpy_avx512_unaligned
                0x0000000000446910                __memmove_avx512_unaligned
                0x0000000000446910                __memcpy_avx512_unaligned
                0x0000000000446950                __mempcpy_avx512_unaligned_erms
                0x0000000000446980                __memmove_avx512_unaligned_erms
                0x0000000000446980                __memcpy_avx512_unaligned_erms
 .text          0x0000000000447140      0x1b9 /usr/lib/gcc/x86_64-linux-gnu/11/../../../x86_64-linux-gnu/libc.a(memset-sse2-unaligned-erms.o)
                0x0000000000447140                __bzero
                0x0000000000447140                bzero
                0x0000000000447160                __wmemset_sse2_unaligned
                0x0000000000447180                __memset_sse2_unaligned
                0x00000000004471c0                __memset_chk_erms
                0x00000000004471d0                __memset_erms
                0x0000000000447200                __memset_sse2_unaligned_erms
 .text          0x00000000004472f9        0x0 /usr/lib/gcc/x86_64-linux-gnu/11/../../../x86_64-linux-gnu/libc.a(memset-avx2-unaligned-erms.o)
 *fill*         0x00000000004472f9        0x7 
 .text.avx      0x0000000000447300      0x1bc /usr/lib/gcc/x86_64-linux-gnu/11/../../../x86_64-linux-gnu/libc.a(memset-avx2-unaligned-erms.o)
                0x0000000000447300                __wmemset_avx2_unaligned
                0x0000000000447320                __memset_avx2_unaligned
                0x0000000000447360                __memset_avx2_erms
                0x0000000000447380                __memset_avx2_unaligned_erms
 .text          0x00000000004474bc        0x0 /usr/lib/gcc/x86_64-linux-gnu/11/../../../x86_64-linux-gnu/libc.a(memset-avx512-unaligned-erms.o)
 *fill*         0x00000000004474bc        0x4 
 .text.evex512  0x00000000004474c0      0x1e9 /usr/lib/gcc/x86_64-linux-gnu/11/../../../x86_64-linux-gnu/libc.a(memset-avx512-unaligned-erms.o)
                0x00000000004474c0                __wmemset_avx512_unaligned
                0x00000000004474e0                __memset_avx512_unaligned
                0x0000000000447520                __memset_avx512_erms
                0x0000000000447540                __memset_avx512_unaligned_erms
 .text          0x00000000004476a9        0x0 /usr/lib/gcc/x86_64-linux-gnu/11/../../../x86_64-linux-gnu/libc.a(memcmp-avx2-movbe-rtm.o)
 *fill*         0x00000000004476a9       0x17 
 .text.avx.rtm  0x00000000004476c0      0x43d /usr/lib/gcc/x86_64-linux-gnu/11/../../../x86_64-linux-gnu/libc.a(memcmp-avx2-movbe-rtm.o)
                0x00000000004476c0                __memcmp_avx2_movbe_rtm
 .text          0x0000000000447afd        0x0 /usr/lib/gcc/x86_64-linux-gnu/11/../../../x86_64-linux-gnu/libc.a(memmove-avx-unaligned-erms-rtm.o)
 *fill*         0x0000000000447afd        0x3 
 .text.avx.rtm  0x0000000000447b00      0x75f /usr/lib/gcc/x86_64-linux-gnu/11/../../../x86_64-linux-gnu/libc.a(memmove-avx-unaligned-erms-rtm.o)
                0x0000000000447b00                __mempcpy_avx_unaligned_rtm
                0x0000000000447b10                __memcpy_avx_unaligned_rtm
                0x0000000000447b10                __memmove_avx_unaligned_rtm
                0x0000000000447b50                __mempcpy_avx_unaligned_erms_rtm
                0x0000000000447b80                __memmove_avx_unaligned_erms_rtm
                0x0000000000447b80                __memcpy_avx_unaligned_erms_rtm
 .text          0x000000000044825f        0x0 /usr/lib/gcc/x86_64-linux-gnu/11/../../../x86_64-linux-gnu/libc.a(memset-avx2-unaligned-erms-rtm.o)
 *fill*         0x000000000044825f       0x21 
 .text.avx.rtm  0x0000000000448280      0x1bd /usr/lib/gcc/x86_64-linux-gnu/11/../../../x86_64-linux-gnu/libc.a(memset-avx2-unaligned-erms-rtm.o)
                0x0000000000448280                __wmemset_avx2_unaligned_rtm
                0x00000000004482a0                __memset_avx2_unaligned_rtm
                0x00000000004482e0                __memset_avx2_erms_rtm
                0x0000000000448300                __memset_avx2_unaligned_erms_rtm
 .text          0x000000000044843d        0x0 /usr/lib/gcc/x86_64-linux-gnu/11/../../../x86_64-linux-gnu/libc.a(rawmemchr-avx2-rtm.o)
 *fill*         0x000000000044843d        0x3 
 .text.avx.rtm  0x0000000000448440      0x160 /usr/lib/gcc/x86_64-linux-gnu/11/../../../x86_64-linux-gnu/libc.a(rawmemchr-avx2-rtm.o)
                0x0000000000448440                __rawmemchr_avx2_rtm
 .text          0x00000000004485a0        0x0 /usr/lib/gcc/x86_64-linux-gnu/11/../../../x86_64-linux-gnu/libc.a(strchr-avx2-rtm.o)
 .text.avx.rtm  0x00000000004485a0      0x27a /usr/lib/gcc/x86_64-linux-gnu/11/../../../x86_64-linux-gnu/libc.a(strchr-avx2-rtm.o)
                0x00000000004485a0                __strchr_avx2_rtm
 .text          0x000000000044881a        0x0 /usr/lib/gcc/x86_64-linux-gnu/11/../../../x86_64-linux-gnu/libc.a(strcmp-avx2-rtm.o)
 *fill*         0x000000000044881a        0x6 
 .text.avx.rtm  0x0000000000448820      0x470 /usr/lib/gcc/x86_64-linux-gnu/11/../../../x86_64-linux-gnu/libc.a(strcmp-avx2-rtm.o)
                0x0000000000448820                __strcmp_avx2_rtm
 .text          0x0000000000448c90        0x0 /usr/lib/gcc/x86_64-linux-gnu/11/../../../x86_64-linux-gnu/libc.a(strchrnul-avx2-rtm.o)
 *fill*         0x0000000000448c90       0x10 
 .text.avx.rtm  0x0000000000448ca0      0x20f /usr/lib/gcc/x86_64-linux-gnu/11/../../../x86_64-linux-gnu/libc.a(strchrnul-avx2-rtm.o)
                0x0000000000448ca0                __strchrnul_avx2_rtm
 .text          0x0000000000448eaf        0x0 /usr/lib/gcc/x86_64-linux-gnu/11/../../../x86_64-linux-gnu/libc.a(stpcpy-avx2-rtm.o)
 *fill*         0x0000000000448eaf        0x1 
 .text.avx.rtm  0x0000000000448eb0      0x3bd /usr/lib/gcc/x86_64-linux-gnu/11/../../../x86_64-linux-gnu/libc.a(stpcpy-avx2-rtm.o)
                0x0000000000448eb0                __stpcpy_avx2_rtm
 .text          0x000000000044926d        0x0 /usr/lib/gcc/x86_64-linux-gnu/11/../../../x86_64-linux-gnu/libc.a(strcpy-avx2-rtm.o)
 *fill*         0x000000000044926d        0x3 
 .text.avx.rtm  0x0000000000449270      0x3a9 /usr/lib/gcc/x86_64-linux-gnu/11/../../../x86_64-linux-gnu/libc.a(strcpy-avx2-rtm.o)
                0x0000000000449270                __strcpy_avx2_rtm
 .text          0x0000000000449619        0x0 /usr/lib/gcc/x86_64-linux-gnu/11/../../../x86_64-linux-gnu/libc.a(strlen-avx2-rtm.o)
 *fill*         0x0000000000449619        0x7 
 .text.avx.rtm  0x0000000000449620      0x16b /usr/lib/gcc/x86_64-linux-gnu/11/../../../x86_64-linux-gnu/libc.a(strlen-avx2-rtm.o)
                0x0000000000449620                __strlen_avx2_rtm
 .text          0x000000000044978b        0x0 /usr/lib/gcc/x86_64-linux-gnu/11/../../../x86_64-linux-gnu/libc.a(strncmp-avx2-rtm.o)
 *fill*         0x000000000044978b        0x5 
 .text.avx.rtm  0x0000000000449790      0x54d /usr/lib/gcc/x86_64-linux-gnu/11/../../../x86_64-linux-gnu/libc.a(strncmp-avx2-rtm.o)
                0x0000000000449790                __strncmp_avx2_rtm
 .text          0x0000000000449cdd        0x0 /usr/lib/gcc/x86_64-linux-gnu/11/../../../x86_64-linux-gnu/libc.a(strnlen-avx2-rtm.o)
 *fill*         0x0000000000449cdd        0x3 
 .text.avx.rtm  0x0000000000449ce0      0x2fc /usr/lib/gcc/x86_64-linux-gnu/11/../../../x86_64-linux-gnu/libc.a(strnlen-avx2-rtm.o)
                0x0000000000449ce0                __strnlen_avx2_rtm
 .text          0x0000000000449fdc        0x0 /usr/lib/gcc/x86_64-linux-gnu/11/../../../x86_64-linux-gnu/libc.a(memcmp-evex-movbe.o)
 *fill*         0x0000000000449fdc       0x24 
 .text.evex     0x000000000044a000      0x2ff /usr/lib/gcc/x86_64-linux-gnu/11/../../../x86_64-linux-gnu/libc.a(memcmp-evex-movbe.o)
                0x000000000044a000                __memcmp_evex_movbe
 .text          0x000000000044a2ff        0x0 /usr/lib/gcc/x86_64-linux-gnu/11/../../../x86_64-linux-gnu/libc.a(memmove-evex-unaligned-erms.o)
 *fill*         0x000000000044a2ff        0x1 
 .text.evex     0x000000000044a300      0x83b /usr/lib/gcc/x86_64-linux-gnu/11/../../../x86_64-linux-gnu/libc.a(memmove-evex-unaligned-erms.o)
                0x000000000044a300                __mempcpy_evex_unaligned
                0x000000000044a310                __memmove_evex_unaligned
                0x000000000044a310                __memcpy_evex_unaligned
                0x000000000044a350                __mempcpy_evex_unaligned_erms
                0x000000000044a380                __memmove_evex_unaligned_erms
                0x000000000044a380                __memcpy_evex_unaligned_erms
 .text          0x000000000044ab3b        0x0 /usr/lib/gcc/x86_64-linux-gnu/11/../../../x86_64-linux-gnu/libc.a(memset-evex-unaligned-erms.o)
 *fill*         0x000000000044ab3b        0x5 
 .text.evex     0x000000000044ab40      0x1c9 /usr/lib/gcc/x86_64-linux-gnu/11/../../../x86_64-linux-gnu/libc.a(memset-evex-unaligned-erms.o)
                0x000000000044ab40                __wmemset_evex_unaligned
                0x000000000044ab60                __memset_evex_unaligned
                0x000000000044ab90                __memset_evex_erms
                0x000000000044abc0                __memset_evex_unaligned_erms
 .text          0x000000000044ad09        0x0 /usr/lib/gcc/x86_64-linux-gnu/11/../../../x86_64-linux-gnu/libc.a(rawmemchr-evex.o)
 *fill*         0x000000000044ad09       0x17 
 .text.evex     0x000000000044ad20      0x17d /usr/lib/gcc/x86_64-linux-gnu/11/../../../x86_64-linux-gnu/libc.a(rawmemchr-evex.o)
                0x000000000044ad20                __rawmemchr_evex
 .text          0x000000000044ae9d        0x0 /usr/lib/gcc/x86_64-linux-gnu/11/../../../x86_64-linux-gnu/libc.a(stpcpy-evex.o)
 *fill*         0x000000000044ae9d        0x3 
 .text.evex     0x000000000044aea0      0x447 /usr/lib/gcc/x86_64-linux-gnu/11/../../../x86_64-linux-gnu/libc.a(stpcpy-evex.o)
                0x000000000044aea0                __stpcpy_evex
 .text          0x000000000044b2e7        0x0 /usr/lib/gcc/x86_64-linux-gnu/11/../../../x86_64-linux-gnu/libc.a(strchr-evex.o)
 *fill*         0x000000000044b2e7       0x19 
 .text.evex     0x000000000044b300      0x28f /usr/lib/gcc/x86_64-linux-gnu/11/../../../x86_64-linux-gnu/libc.a(strchr-evex.o)
                0x000000000044b300                __strchr_evex
 .text          0x000000000044b58f        0x0 /usr/lib/gcc/x86_64-linux-gnu/11/../../../x86_64-linux-gnu/libc.a(strchrnul-evex.o)
 *fill*         0x000000000044b58f       0x11 
 .text.evex     0x000000000044b5a0      0x259 /usr/lib/gcc/x86_64-linux-gnu/11/../../../x86_64-linux-gnu/libc.a(strchrnul-evex.o)
                0x000000000044b5a0                __strchrnul_evex
 .text          0x000000000044b7f9        0x0 /usr/lib/gcc/x86_64-linux-gnu/11/../../../x86_64-linux-gnu/libc.a(strcmp-evex.o)
 *fill*         0x000000000044b7f9        0x7 
 .text.evex     0x000000000044b800      0x46c /usr/lib/gcc/x86_64-linux-gnu/11/../../../x86_64-linux-gnu/libc.a(strcmp-evex.o)
                0x000000000044b800                __strcmp_evex
 .text          0x000000000044bc6c        0x0 /usr/lib/gcc/x86_64-linux-gnu/11/../../../x86_64-linux-gnu/libc.a(strcpy-evex.o)
 *fill*         0x000000000044bc6c        0x4 
 .text.evex     0x000000000044bc70      0x433 /usr/lib/gcc/x86_64-linux-gnu/11/../../../x86_64-linux-gnu/libc.a(strcpy-evex.o)
                0x000000000044bc70                __strcpy_evex
 .text          0x000000000044c0a3        0x0 /usr/lib/gcc/x86_64-linux-gnu/11/../../../x86_64-linux-gnu/libc.a(strlen-evex.o)
 *fill*         0x000000000044c0a3       0x1d 
 .text.evex     0x000000000044c0c0      0x174 /usr/lib/gcc/x86_64-linux-gnu/11/../../../x86_64-linux-gnu/libc.a(strlen-evex.o)
                0x000000000044c0c0                __strlen_evex
 .text          0x000000000044c234        0x0 /usr/lib/gcc/x86_64-linux-gnu/11/../../../x86_64-linux-gnu/libc.a(strncmp-evex.o)
 *fill*         0x000000000044c234        0xc 
 .text.evex     0x000000000044c240      0x565 /usr/lib/gcc/x86_64-linux-gnu/11/../../../x86_64-linux-gnu/libc.a(strncmp-evex.o)
                0x000000000044c240                __strncmp_evex
 .text          0x000000000044c7a5        0x0 /usr/lib/gcc/x86_64-linux-gnu/11/../../../x86_64-linux-gnu/libc.a(strnlen-evex.o)
 *fill*         0x000000000044c7a5       0x1b 
 .text.evex     0x000000000044c7c0      0x2be /usr/lib/gcc/x86_64-linux-gnu/11/../../../x86_64-linux-gnu/libc.a(strnlen-evex.o)
                0x000000000044c7c0                __strnlen_evex
 .text          0x000000000044ca7e        0x0 /usr/lib/gcc/x86_64-linux-gnu/11/../../../x86_64-linux-gnu/libc.a(rawmemchr-evex-rtm.o)
 *fill*         0x000000000044ca7e        0x2 
 .text.evex.rtm
                0x000000000044ca80      0x19a /usr/lib/gcc/x86_64-linux-gnu/11/../../../x86_64-linux-gnu/libc.a(rawmemchr-evex-rtm.o)
                0x000000000044ca80                __rawmemchr_evex_rtm
 *fill*         0x000000000044cc1a        0x6 
 .text          0x000000000044cc20       0x43 /usr/lib/gcc/x86_64-linux-gnu/11/../../../x86_64-linux-gnu/libc.a(strcasecmp_l-nonascii.o)
                0x000000000044cc20                __strcasecmp_l_nonascii
 *fill*         0x000000000044cc63        0xd 
 .text          0x000000000044cc70        0xd /usr/lib/gcc/x86_64-linux-gnu/11/../../../x86_64-linux-gnu/libc.a(wmempcpy.o)
                0x000000000044cc70                wmempcpy
                0x000000000044cc70                __wmempcpy
 *fill*         0x000000000044cc7d        0x3 
 .text          0x000000000044cc80      0x1e4 /usr/lib/gcc/x86_64-linux-gnu/11/../../../x86_64-linux-gnu/libc.a(wcrtomb.o)
                0x000000000044cc80                __wcrtomb
                0x000000000044cc80                wcrtomb
 *fill*         0x000000000044ce64        0xc 
 .text          0x000000000044ce70       0x22 /usr/lib/gcc/x86_64-linux-gnu/11/../../../x86_64-linux-gnu/libc.a(mbsrtowcs.o)
                0x000000000044ce70                mbsrtowcs
                0x000000000044ce70                __mbsrtowcs
 *fill*         0x000000000044ce92        0xe 
 .text          0x000000000044cea0      0x2fa /usr/lib/gcc/x86_64-linux-gnu/11/../../../x86_64-linux-gnu/libc.a(wcsrtombs.o)
                0x000000000044cea0                wcsrtombs
                0x000000000044cea0                __wcsrtombs
 *fill*         0x000000000044d19a        0x6 
 .text          0x000000000044d1a0       0x70 /usr/lib/gcc/x86_64-linux-gnu/11/../../../x86_64-linux-gnu/libc.a(wcsnlen.o)
                0x000000000044d1a0                wcsnlen
                0x000000000044d1a0                __wcsnlen
 .text          0x000000000044d210      0x684 /usr/lib/gcc/x86_64-linux-gnu/11/../../../x86_64-linux-gnu/libc.a(wcsmbsload.o)
                0x000000000044d210                _nl_cleanup_ctype
                0x000000000044d260                __wcsmbs_getfct
                0x000000000044d2e0                __wcsmbs_load_conv
                0x000000000044d6a0                __wcsmbs_clone_conv
                0x000000000044d790                __wcsmbs_named_conv
 *fill*         0x000000000044d894        0xc 
 .text          0x000000000044d8a0      0x38d /usr/lib/gcc/x86_64-linux-gnu/11/../../../x86_64-linux-gnu/libc.a(mbsrtowcs_l.o)
                0x000000000044d8a0                __mbsrtowcs_l
 *fill*         0x000000000044dc2d        0x3 
 .text          0x000000000044dc30       0x38 /usr/lib/gcc/x86_64-linux-gnu/11/../../../x86_64-linux-gnu/libc.a(wcsnlen-c.o)
                0x000000000044dc30                __wcsnlen_sse2
 *fill*         0x000000000044dc68        0x8 
 .text          0x000000000044dc70      0x22c /usr/lib/gcc/x86_64-linux-gnu/11/../../../x86_64-linux-gnu/libc.a(wcsnlen-sse4_1.o)
                0x000000000044dc70                __wcsnlen_sse4_1
 .text          0x000000000044de9c        0x0 /usr/lib/gcc/x86_64-linux-gnu/11/../../../x86_64-linux-gnu/libc.a(wcsnlen-avx2.o)
 *fill*         0x000000000044de9c        0x4 
 .text.avx      0x000000000044dea0      0x364 /usr/lib/gcc/x86_64-linux-gnu/11/../../../x86_64-linux-gnu/libc.a(wcsnlen-avx2.o)
                0x000000000044dea0                __wcsnlen_avx2
 .text          0x000000000044e204        0x0 /usr/lib/gcc/x86_64-linux-gnu/11/../../../x86_64-linux-gnu/libc.a(wcsnlen-avx2-rtm.o)
 *fill*         0x000000000044e204       0x1c 
 .text.avx.rtm  0x000000000044e220      0x372 /usr/lib/gcc/x86_64-linux-gnu/11/../../../x86_64-linux-gnu/libc.a(wcsnlen-avx2-rtm.o)
                0x000000000044e220                __wcsnlen_avx2_rtm
 .text          0x000000000044e592        0x0 /usr/lib/gcc/x86_64-linux-gnu/11/../../../x86_64-linux-gnu/libc.a(wcsnlen-evex.o)
 *fill*         0x000000000044e592        0xe 
 .text.evex     0x000000000044e5a0      0x301 /usr/lib/gcc/x86_64-linux-gnu/11/../../../x86_64-linux-gnu/libc.a(wcsnlen-evex.o)
                0x000000000044e5a0                __wcsnlen_evex
 *fill*         0x000000000044e8a1        0xf 
 .text          0x000000000044e8b0       0x83 /usr/lib/gcc/x86_64-linux-gnu/11/../../../x86_64-linux-gnu/libc.a(clock_gettime.o)
                0x000000000044e8b0                clock_gettime
                0x000000000044e8b0                __clock_gettime
 *fill*         0x000000000044e933        0xd 
 .text          0x000000000044e940       0x50 /usr/lib/gcc/x86_64-linux-gnu/11/../../../x86_64-linux-gnu/libc.a(_exit.o)
                0x000000000044e940                _Exit
                0x000000000044e940                _exit
 .text          0x000000000044e990        0xc /usr/lib/gcc/x86_64-linux-gnu/11/../../../x86_64-linux-gnu/libc.a(getpid.o)
                0x000000000044e990                __getpid
                0x000000000044e990                getpid
 *fill*         0x000000000044e99c        0x4 
 .text          0x000000000044e9a0      0x716 /usr/lib/gcc/x86_64-linux-gnu/11/../../../x86_64-linux-gnu/libc.a(sysconf.o)
                0x000000000044ead0                sysconf
                0x000000000044ead0                __sysconf
 *fill*         0x000000000044f0b6        0xa 
 .text          0x000000000044f0c0       0x25 /usr/lib/gcc/x86_64-linux-gnu/11/../../../x86_64-linux-gnu/libc.a(sched_yield.o)
                0x000000000044f0c0                __sched_yield
                0x000000000044f0c0                sched_yield
 *fill*         0x000000000044f0e5        0xb 
 .text          0x000000000044f0f0       0x56 /usr/lib/gcc/x86_64-linux-gnu/11/../../../x86_64-linux-gnu/libc.a(get_child_max.o)
                0x000000000044f0f0                __get_child_max
 .text          0x000000000044f146        0x0 /usr/lib/gcc/x86_64-linux-gnu/11/../../../x86_64-linux-gnu/libc.a(environ.o)
 *fill*         0x000000000044f146        0xa 
 .text          0x000000000044f150       0x16 /usr/lib/gcc/x86_64-linux-gnu/11/../../../x86_64-linux-gnu/libc.a(stat64.o)
                0x000000000044f150                stat64
                0x000000000044f150                __stat
                0x000000000044f150                __stat64
                0x000000000044f150                stat
 *fill*         0x000000000044f166        0xa 
 .text          0x000000000044f170       0x34 /usr/lib/gcc/x86_64-linux-gnu/11/../../../x86_64-linux-gnu/libc.a(fstat64.o)
                0x000000000044f170                fstat64
                0x000000000044f170                fstat
                0x000000000044f170                __fstat64
                0x000000000044f170                __fstat
 *fill*         0x000000000044f1a4        0xc 
 .text          0x000000000044f1b0       0x32 /usr/lib/gcc/x86_64-linux-gnu/11/../../../x86_64-linux-gnu/libc.a(fstatat64.o)
                0x000000000044f1b0                fstatat
                0x000000000044f1b0                __fstatat
                0x000000000044f1b0                fstatat64
                0x000000000044f1b0                __fstatat64
                0x000000000044f1b0                __GI___fstatat
 *fill*         0x000000000044f1e2        0xe 
 .text          0x000000000044f1f0      0x128 /usr/lib/gcc/x86_64-linux-gnu/11/../../../x86_64-linux-gnu/libc.a(open64.o)
                0x000000000044f1f0                __open
                0x000000000044f1f0                __libc_open64
                0x000000000044f1f0                __libc_open
                0x000000000044f1f0                open64
                0x000000000044f1f0                open
                0x000000000044f1f0                __open64
 *fill*         0x000000000044f318        0x8 
 .text          0x000000000044f320       0x9d /usr/lib/gcc/x86_64-linux-gnu/11/../../../x86_64-linux-gnu/libc.a(read.o)
                0x000000000044f320                __read
                0x000000000044f320                __libc_read
                0x000000000044f320                read
 *fill*         0x000000000044f3bd        0x3 
 .text          0x000000000044f3c0       0x9d /usr/lib/gcc/x86_64-linux-gnu/11/../../../x86_64-linux-gnu/libc.a(write.o)
                0x000000000044f3c0                __write
                0x000000000044f3c0                write
                0x000000000044f3c0                __libc_write
 *fill*         0x000000000044f45d        0x3 
 .text          0x000000000044f460       0x2c /usr/lib/gcc/x86_64-linux-gnu/11/../../../x86_64-linux-gnu/libc.a(lseek64.o)
                0x000000000044f460                __lseek64
                0x000000000044f460                lseek
                0x000000000044f460                __libc_lseek64
                0x000000000044f460                __lseek
                0x000000000044f460                __libc_lseek
                0x000000000044f460                lseek64
 *fill*         0x000000000044f48c        0x4 
 .text          0x000000000044f490      0x720 /usr/lib/gcc/x86_64-linux-gnu/11/../../../x86_64-linux-gnu/libc.a(getcwd.o)
                0x000000000044f490                __getcwd
                0x000000000044f490                getcwd
 .text          0x000000000044fbb0       0x2a /usr/lib/gcc/x86_64-linux-gnu/11/../../../x86_64-linux-gnu/libc.a(close_nocancel.o)
                0x000000000044fbb0                __close_nocancel
 *fill*         0x000000000044fbda        0x6 
 .text          0x000000000044fbe0      0x138 /usr/lib/gcc/x86_64-linux-gnu/11/../../../x86_64-linux-gnu/libc.a(fcntl_nocancel.o)
                0x000000000044fbe0                __fcntl64_nocancel
                0x000000000044fc90                __fcntl64_nocancel_adjusted
 *fill*         0x000000000044fd18        0x8 
 .text          0x000000000044fd20       0xb0 /usr/lib/gcc/x86_64-linux-gnu/11/../../../x86_64-linux-gnu/libc.a(open64_nocancel.o)
                0x000000000044fd20                __open_nocancel
                0x000000000044fd20                __open64_nocancel
 .text          0x000000000044fdd0       0x2c /usr/lib/gcc/x86_64-linux-gnu/11/../../../x86_64-linux-gnu/libc.a(read_nocancel.o)
                0x000000000044fdd0                __read_nocancel
 *fill*         0x000000000044fdfc        0x4 
 .text          0x000000000044fe00       0x2c /usr/lib/gcc/x86_64-linux-gnu/11/../../../x86_64-linux-gnu/libc.a(write_nocancel.o)
                0x000000000044fe00                __write_nocancel
 *fill*         0x000000000044fe2c        0x4 
 .text          0x000000000044fe30       0x32 /usr/lib/gcc/x86_64-linux-gnu/11/../../../x86_64-linux-gnu/libc.a(getrlimit64.o)
                0x000000000044fe30                getrlimit
                0x000000000044fe30                getrlimit64
                0x000000000044fe30                __getrlimit
                0x000000000044fe30                __GI___getrlimit
                0x000000000044fe30                __GI_getrlimit
                0x000000000044fe30                __getrlimit64
 *fill*         0x000000000044fe62        0xe 
 .text          0x000000000044fe70       0x34 /usr/lib/gcc/x86_64-linux-gnu/11/../../../x86_64-linux-gnu/libc.a(brk.o)
                0x000000000044fe70                __brk
                0x000000000044fe70                brk
 *fill*         0x000000000044fea4        0xc 
 .text          0x000000000044feb0       0x8c /usr/lib/gcc/x86_64-linux-gnu/11/../../../x86_64-linux-gnu/libc.a(sbrk.o)
                0x000000000044feb0                sbrk
                0x000000000044feb0                __sbrk
 *fill*         0x000000000044ff3c        0x4 
 .text          0x000000000044ff40       0x31 /usr/lib/gcc/x86_64-linux-gnu/11/../../../x86_64-linux-gnu/libc.a(getpagesize.o)
                0x000000000044ff40                getpagesize
                0x000000000044ff40                __getpagesize
 *fill*         0x000000000044ff71        0xf 
 .text          0x000000000044ff80       0x4a /usr/lib/gcc/x86_64-linux-gnu/11/../../../x86_64-linux-gnu/libc.a(getdtsz.o)
                0x000000000044ff80                __getdtablesize
                0x000000000044ff80                getdtablesize
 *fill*         0x000000000044ffca        0x6 
 .text          0x000000000044ffd0       0x54 /usr/lib/gcc/x86_64-linux-gnu/11/../../../x86_64-linux-gnu/libc.a(mmap64.o)
                0x000000000044ffd0                __mmap
                0x000000000044ffd0                mmap
                0x000000000044ffd0                __mmap64
                0x000000000044ffd0                mmap64
 *fill*         0x0000000000450024        0xc 
 .text          0x0000000000450030       0x25 /usr/lib/gcc/x86_64-linux-gnu/11/../../../x86_64-linux-gnu/libc.a(munmap.o)
                0x0000000000450030                munmap
                0x0000000000450030                __munmap
 *fill*         0x0000000000450055        0xb 
 .text          0x0000000000450060       0x25 /usr/lib/gcc/x86_64-linux-gnu/11/../../../x86_64-linux-gnu/libc.a(mprotect.o)
                0x0000000000450060                __mprotect
                0x0000000000450060                mprotect
 *fill*         0x0000000000450085        0xb 
 .text          0x0000000000450090       0x25 /usr/lib/gcc/x86_64-linux-gnu/11/../../../x86_64-linux-gnu/libc.a(madvise.o)
                0x0000000000450090                madvise
                0x0000000000450090                __madvise
 *fill*         0x00000000004500b5        0xb 
 .text          0x00000000004500c0     0x10ed /usr/lib/gcc/x86_64-linux-gnu/11/../../../x86_64-linux-gnu/libc.a(tsearch.o)
                0x00000000004503c0                tsearch
                0x00000000004503c0                __tsearch
                0x00000000004507c0                tfind
                0x00000000004507c0                __tfind
                0x0000000000450840                tdelete
                0x0000000000450840                __tdelete
                0x0000000000450ea0                __twalk
                0x0000000000450ea0                twalk
                0x0000000000450f50                twalk_r
                0x0000000000450f50                __twalk_r
                0x0000000000451000                __tdestroy
                0x0000000000451000                tdestroy
 *fill*         0x00000000004511ad        0x3 
 .text          0x00000000004511b0      0x6bb /usr/lib/gcc/x86_64-linux-gnu/11/../../../x86_64-linux-gnu/libc.a(getsysstats.o)
                0x0000000000451590                __get_nprocs_sched
                0x0000000000451610                __get_nprocs
                0x0000000000451610                get_nprocs
                0x0000000000451650                __get_nprocs_conf
                0x0000000000451650                get_nprocs_conf
                0x0000000000451750                get_phys_pages
                0x0000000000451750                __get_phys_pages
                0x00000000004517e0                get_avphys_pages
                0x00000000004517e0                __get_avphys_pages
 *fill*         0x000000000045186b        0x5 
 .text          0x0000000000451870       0x15 /usr/lib/gcc/x86_64-linux-gnu/11/../../../x86_64-linux-gnu/libc.a(getclktck.o)
                0x0000000000451870                __getclktck
 *fill*         0x0000000000451885        0xb 
 .text          0x0000000000451890       0x51 /usr/lib/gcc/x86_64-linux-gnu/11/../../../x86_64-linux-gnu/libc.a(init-misc.o)
                0x0000000000451890                __init_misc
 *fill*         0x00000000004518e1        0xf 
 .text          0x00000000004518f0       0x92 /usr/lib/gcc/x86_64-linux-gnu/11/../../../x86_64-linux-gnu/libc.a(mremap.o)
                0x00000000004518f0                mremap
                0x00000000004518f0                __mremap
 *fill*         0x0000000000451982        0xe 
 .text          0x0000000000451990       0x25 /usr/lib/gcc/x86_64-linux-gnu/11/../../../x86_64-linux-gnu/libc.a(sysinfo.o)
                0x0000000000451990                sysinfo
                0x0000000000451990                __sysinfo
 *fill*         0x00000000004519b5        0xb 
 .text          0x00000000004519c0      0x3e4 /usr/lib/gcc/x86_64-linux-gnu/11/../../../x86_64-linux-gnu/libc.a(malloc-hugepages.o)
                0x00000000004519c0                __malloc_default_thp_pagesize
                0x0000000000451a70                __malloc_thp_mode
                0x0000000000451b40                __malloc_hugepage_config
 *fill*         0x0000000000451da4        0xc 
 .text          0x0000000000451db0       0x85 /usr/lib/gcc/x86_64-linux-gnu/11/../../../x86_64-linux-gnu/libc.a(wctrans.o)
                0x0000000000451db0                __wctrans
                0x0000000000451db0                wctrans
 *fill*         0x0000000000451e35        0xb 
 .text          0x0000000000451e40       0x4d /usr/lib/gcc/x86_64-linux-gnu/11/../../../x86_64-linux-gnu/libc.a(towctrans.o)
                0x0000000000451e40                towctrans
                0x0000000000451e40                __towctrans
 *fill*         0x0000000000451e8d        0x3 
 .text          0x0000000000451e90       0x16 /usr/lib/gcc/x86_64-linux-gnu/11/../../../x86_64-linux-gnu/libc.a(chk_fail.o)
                0x0000000000451e90                __chk_fail
 *fill*         0x0000000000451ea6        0xa 
 .text          0x0000000000451eb0      0x204 /usr/lib/gcc/x86_64-linux-gnu/11/../../../x86_64-linux-gnu/libc.a(readonly-area.o)
                0x0000000000451eb0                __readonly_area
 *fill*         0x00000000004520b4        0xc 
 .text          0x00000000004520c0       0x16 /usr/lib/gcc/x86_64-linux-gnu/11/../../../x86_64-linux-gnu/libc.a(stack_chk_fail.o)
                0x00000000004520c0                __stack_chk_fail_local
                0x00000000004520c0                __stack_chk_fail
 *fill*         0x00000000004520d6        0xa 
 .text          0x00000000004520e0       0x2c /usr/lib/gcc/x86_64-linux-gnu/11/../../../x86_64-linux-gnu/libc.a(fortify_fail.o)
                0x00000000004520e0                __fortify_fail
 *fill*         0x000000000045210c        0x4 
 .text          0x0000000000452110       0xf2 /usr/lib/gcc/x86_64-linux-gnu/11/../../../x86_64-linux-gnu/libc.a(dl-debug.o)
                0x0000000000452110                _dl_debug_state
                0x0000000000452120                _dl_debug_update
                0x0000000000452170                _dl_debug_initialize
 .text          0x0000000000452202        0x0 /usr/lib/gcc/x86_64-linux-gnu/11/../../../x86_64-linux-gnu/libc.a(dl-debug-symbols.o)
 *fill*         0x0000000000452202        0xe 
 .text          0x0000000000452210      0xc5c /usr/lib/gcc/x86_64-linux-gnu/11/../../../x86_64-linux-gnu/libc.a(dl-tls.o)
                0x00000000004522c0                _dl_tls_static_surplus_init
                0x0000000000452360                _dl_assign_tls_modid
                0x0000000000452470                _dl_count_modids
                0x00000000004524e0                _dl_get_tls_static_info
                0x0000000000452500                _dl_allocate_tls_storage
                0x00000000004525d0                _dl_allocate_tls_init
                0x0000000000452860                _dl_allocate_tls
                0x0000000000452b30                _dl_deallocate_tls
                0x0000000000452bc0                _dl_tls_get_addr_soft
                0x0000000000452c40                _dl_add_to_slotinfo
                0x0000000000452d40                _dl_init_static_tls
 *fill*         0x0000000000452e6c        0x4 
 .text          0x0000000000452e70      0x18c /usr/lib/gcc/x86_64-linux-gnu/11/../../../x86_64-linux-gnu/libc.a(dl-tls_init_tp.o)
                0x0000000000452e70                __tls_pre_init_tp
                0x0000000000452ec0                __tls_init_tp
 *fill*         0x0000000000452ffc        0x4 
 .text          0x0000000000453000      0xabd /usr/lib/gcc/x86_64-linux-gnu/11/../../../x86_64-linux-gnu/libc.a(dl-tunables.o)
                0x0000000000453500                __tunable_set_val
                0x0000000000453650                __tunables_init
                0x0000000000453940                __tunables_print
                0x0000000000453a50                __tunable_get_val
 *fill*         0x0000000000453abd        0x3 
 .text          0x0000000000453ac0      0x2ea /usr/lib/gcc/x86_64-linux-gnu/11/../../../x86_64-linux-gnu/libc.a(dl-error.o)
                0x0000000000453b70                _dl_signal_exception
                0x0000000000453bc0                _dl_signal_error
                0x0000000000453c20                _dl_catch_exception
                0x0000000000453d40                _dl_catch_error
 *fill*         0x0000000000453daa        0x6 
 .text          0x0000000000453db0       0x31 /usr/lib/gcc/x86_64-linux-gnu/11/../../../x86_64-linux-gnu/libc.a(dl-profstub.o)
                0x0000000000453db0                _dl_mcount_wrapper
                0x0000000000453dc0                _dl_mcount_wrapper_check
 *fill*         0x0000000000453de1        0xf 